// Validating benchmarks:
// ***** BenchmarkRunner: Start   *****
// ***** Found 2 benchmark(s) in total *****
// ***** Building 1 exe(s) in Parallel: Start   *****
// start dotnet  restore /p:UseSharedCompilation=false /p:BuildInParallel=false /m:1 /p:Deterministic=true /p:Optimize=true /p:IntermediateOutputPath="C:\Users\danie\source\repos\QuDeveloperChallenge\QuDeveloperChallenge\QuDeveloperChallenge.Benchmarks\bin\Release\net8.0\cec9ddf3-ddcc-41c8-aeae-9ca4fef5f5a5\obj\Release\net8.0/" /p:OutDir="C:\Users\danie\source\repos\QuDeveloperChallenge\QuDeveloperChallenge\QuDeveloperChallenge.Benchmarks\bin\Release\net8.0\cec9ddf3-ddcc-41c8-aeae-9ca4fef5f5a5\bin\Release\net8.0/" /p:OutputPath="C:\Users\danie\source\repos\QuDeveloperChallenge\QuDeveloperChallenge\QuDeveloperChallenge.Benchmarks\bin\Release\net8.0\cec9ddf3-ddcc-41c8-aeae-9ca4fef5f5a5\bin\Release\net8.0/" in C:\Users\danie\source\repos\QuDeveloperChallenge\QuDeveloperChallenge\QuDeveloperChallenge.Benchmarks\bin\Release\net8.0\cec9ddf3-ddcc-41c8-aeae-9ca4fef5f5a5
// command took 0.76 sec and exited with 0
// start dotnet  build -c Release --no-restore /p:UseSharedCompilation=false /p:BuildInParallel=false /m:1 /p:Deterministic=true /p:Optimize=true /p:IntermediateOutputPath="C:\Users\danie\source\repos\QuDeveloperChallenge\QuDeveloperChallenge\QuDeveloperChallenge.Benchmarks\bin\Release\net8.0\cec9ddf3-ddcc-41c8-aeae-9ca4fef5f5a5\obj\Release\net8.0/" /p:OutDir="C:\Users\danie\source\repos\QuDeveloperChallenge\QuDeveloperChallenge\QuDeveloperChallenge.Benchmarks\bin\Release\net8.0\cec9ddf3-ddcc-41c8-aeae-9ca4fef5f5a5\bin\Release\net8.0/" /p:OutputPath="C:\Users\danie\source\repos\QuDeveloperChallenge\QuDeveloperChallenge\QuDeveloperChallenge.Benchmarks\bin\Release\net8.0\cec9ddf3-ddcc-41c8-aeae-9ca4fef5f5a5\bin\Release\net8.0/" --output "C:\Users\danie\source\repos\QuDeveloperChallenge\QuDeveloperChallenge\QuDeveloperChallenge.Benchmarks\bin\Release\net8.0\cec9ddf3-ddcc-41c8-aeae-9ca4fef5f5a5\bin\Release\net8.0/" in C:\Users\danie\source\repos\QuDeveloperChallenge\QuDeveloperChallenge\QuDeveloperChallenge.Benchmarks\bin\Release\net8.0\cec9ddf3-ddcc-41c8-aeae-9ca4fef5f5a5
// command took 4.51 sec and exited with 0
// ***** Done, took 00:00:05 (5.34 sec)   *****
// Found 1 benchmarks:
//   WordFinderBenchmark.FindWords: DefaultJob

Setup power plan (GUID: 8c5e7fda-e8bf-4a96-9a85-a6e23a8c635c FriendlyName: High performance)
// **************************
// Benchmark: WordFinderBenchmark.FindWords: DefaultJob
// *** Execute ***
// Launch: 1 / 1
// Execute: dotnet cec9ddf3-ddcc-41c8-aeae-9ca4fef5f5a5.dll --anonymousPipes 1484 1440 --benchmarkName QuDeveloperChallenge.Benchmarks.WordFinderBenchmark.FindWords --job Default --benchmarkId 0 in C:\Users\danie\source\repos\QuDeveloperChallenge\QuDeveloperChallenge\QuDeveloperChallenge.Benchmarks\bin\Release\net8.0\cec9ddf3-ddcc-41c8-aeae-9ca4fef5f5a5\bin\Release\net8.0
// BeforeAnythingElse

// Benchmark Process Environment Information:
// BenchmarkDotNet v0.14.0
// Runtime=.NET 8.0.13 (8.0.1325.6609), X64 RyuJIT AVX2
// GC=Concurrent Workstation
// HardwareIntrinsics=AVX2,AES,BMI1,BMI2,FMA,LZCNT,PCLMUL,POPCNT,AvxVnni,SERIALIZE VectorSize=256
// Job: DefaultJob

OverheadJitting  1: 1 op, 100200.00 ns, 100.2000 us/op
WorkloadJitting  1: 1 op, 4942900.00 ns, 4.9429 ms/op

OverheadJitting  2: 16 op, 103600.00 ns, 6.4750 us/op
WorkloadJitting  2: 16 op, 16480500.00 ns, 1.0300 ms/op

WorkloadPilot    1: 16 op, 9831100.00 ns, 614.4438 us/op
WorkloadPilot    2: 32 op, 20534000.00 ns, 641.6875 us/op
WorkloadPilot    3: 64 op, 37741800.00 ns, 589.7156 us/op
WorkloadPilot    4: 128 op, 68891600.00 ns, 538.2156 us/op
WorkloadPilot    5: 256 op, 156677700.00 ns, 612.0223 us/op
WorkloadPilot    6: 512 op, 282034600.00 ns, 550.8488 us/op
WorkloadPilot    7: 1024 op, 395489100.00 ns, 386.2198 us/op
WorkloadPilot    8: 2048 op, 791924800.00 ns, 386.6820 us/op

OverheadWarmup   1: 2048 op, 5100.00 ns, 2.4902 ns/op
OverheadWarmup   2: 2048 op, 4200.00 ns, 2.0508 ns/op
OverheadWarmup   3: 2048 op, 3700.00 ns, 1.8066 ns/op
OverheadWarmup   4: 2048 op, 3700.00 ns, 1.8066 ns/op
OverheadWarmup   5: 2048 op, 3800.00 ns, 1.8555 ns/op
OverheadWarmup   6: 2048 op, 4100.00 ns, 2.0020 ns/op
OverheadWarmup   7: 2048 op, 4200.00 ns, 2.0508 ns/op
OverheadWarmup   8: 2048 op, 3600.00 ns, 1.7578 ns/op
OverheadWarmup   9: 2048 op, 4100.00 ns, 2.0020 ns/op

OverheadActual   1: 2048 op, 3700.00 ns, 1.8066 ns/op
OverheadActual   2: 2048 op, 3800.00 ns, 1.8555 ns/op
OverheadActual   3: 2048 op, 4200.00 ns, 2.0508 ns/op
OverheadActual   4: 2048 op, 3800.00 ns, 1.8555 ns/op
OverheadActual   5: 2048 op, 3800.00 ns, 1.8555 ns/op
OverheadActual   6: 2048 op, 3800.00 ns, 1.8555 ns/op
OverheadActual   7: 2048 op, 4100.00 ns, 2.0020 ns/op
OverheadActual   8: 2048 op, 4000.00 ns, 1.9531 ns/op
OverheadActual   9: 2048 op, 4100.00 ns, 2.0020 ns/op
OverheadActual  10: 2048 op, 3800.00 ns, 1.8555 ns/op
OverheadActual  11: 2048 op, 4100.00 ns, 2.0020 ns/op
OverheadActual  12: 2048 op, 4000.00 ns, 1.9531 ns/op
OverheadActual  13: 2048 op, 4100.00 ns, 2.0020 ns/op
OverheadActual  14: 2048 op, 4100.00 ns, 2.0020 ns/op
OverheadActual  15: 2048 op, 4200.00 ns, 2.0508 ns/op

WorkloadWarmup   1: 2048 op, 790363500.00 ns, 385.9197 us/op
WorkloadWarmup   2: 2048 op, 783839500.00 ns, 382.7341 us/op
WorkloadWarmup   3: 2048 op, 800953700.00 ns, 391.0907 us/op
WorkloadWarmup   4: 2048 op, 784719200.00 ns, 383.1637 us/op
WorkloadWarmup   5: 2048 op, 778104600.00 ns, 379.9339 us/op
WorkloadWarmup   6: 2048 op, 771174000.00 ns, 376.5498 us/op
WorkloadWarmup   7: 2048 op, 776514900.00 ns, 379.1577 us/op
WorkloadWarmup   8: 2048 op, 777840700.00 ns, 379.8050 us/op
WorkloadWarmup   9: 2048 op, 777618000.00 ns, 379.6963 us/op

// BeforeActualRun
WorkloadActual   1: 2048 op, 774687700.00 ns, 378.2655 us/op
WorkloadActual   2: 2048 op, 772412700.00 ns, 377.1546 us/op
WorkloadActual   3: 2048 op, 778337700.00 ns, 380.0477 us/op
WorkloadActual   4: 2048 op, 777674000.00 ns, 379.7236 us/op
WorkloadActual   5: 2048 op, 773937900.00 ns, 377.8994 us/op
WorkloadActual   6: 2048 op, 774102900.00 ns, 377.9799 us/op
WorkloadActual   7: 2048 op, 778440900.00 ns, 380.0981 us/op
WorkloadActual   8: 2048 op, 785249800.00 ns, 383.4228 us/op
WorkloadActual   9: 2048 op, 772195800.00 ns, 377.0487 us/op
WorkloadActual  10: 2048 op, 773996700.00 ns, 377.9281 us/op
WorkloadActual  11: 2048 op, 776386000.00 ns, 379.0947 us/op
WorkloadActual  12: 2048 op, 775315300.00 ns, 378.5719 us/op
WorkloadActual  13: 2048 op, 776802000.00 ns, 379.2979 us/op
WorkloadActual  14: 2048 op, 772807700.00 ns, 377.3475 us/op
WorkloadActual  15: 2048 op, 780099900.00 ns, 380.9082 us/op

// AfterActualRun
WorkloadResult   1: 2048 op, 774683700.00 ns, 378.2635 us/op
WorkloadResult   2: 2048 op, 772408700.00 ns, 377.1527 us/op
WorkloadResult   3: 2048 op, 778333700.00 ns, 380.0458 us/op
WorkloadResult   4: 2048 op, 777670000.00 ns, 379.7217 us/op
WorkloadResult   5: 2048 op, 773933900.00 ns, 377.8974 us/op
WorkloadResult   6: 2048 op, 774098900.00 ns, 377.9780 us/op
WorkloadResult   7: 2048 op, 778436900.00 ns, 380.0961 us/op
WorkloadResult   8: 2048 op, 772191800.00 ns, 377.0468 us/op
WorkloadResult   9: 2048 op, 773992700.00 ns, 377.9261 us/op
WorkloadResult  10: 2048 op, 776382000.00 ns, 379.0928 us/op
WorkloadResult  11: 2048 op, 775311300.00 ns, 378.5700 us/op
WorkloadResult  12: 2048 op, 776798000.00 ns, 379.2959 us/op
WorkloadResult  13: 2048 op, 772803700.00 ns, 377.3456 us/op
WorkloadResult  14: 2048 op, 780095900.00 ns, 380.9062 us/op

// AfterAll
// Benchmark Process 36052 has exited with code 0.

Mean = 378.667 μs, StdErr = 0.324 μs (0.09%), N = 14, StdDev = 1.212 μs
Min = 377.047 μs, Q1 = 377.905 μs, Median = 378.417 μs, Q3 = 379.615 μs, Max = 380.906 μs
IQR = 1.711 μs, LowerFence = 375.339 μs, UpperFence = 382.181 μs
ConfidenceInterval = [377.300 μs; 380.034 μs] (CI 99.9%), Margin = 1.367 μs (0.36% of Mean)
Skewness = 0.28, Kurtosis = 1.67, MValue = 2

// ** Remained 1 (50.0%) benchmark(s) to run. Estimated finish 2025-04-23 17:34 (0h 0m from now) **
Successfully reverted power plan (GUID: 381b4222-f694-41f0-9685-ff5bb260df2e FriendlyName: Balanced)
// ***** BenchmarkRunner: Finish  *****

// * Export *
  BenchmarkDotNet.Artifacts\results\QuDeveloperChallenge.Benchmarks.WordFinderBenchmark-report.csv
  BenchmarkDotNet.Artifacts\results\QuDeveloperChallenge.Benchmarks.WordFinderBenchmark-report-github.md
  BenchmarkDotNet.Artifacts\results\QuDeveloperChallenge.Benchmarks.WordFinderBenchmark-report.html

// * Detailed results *
WordFinderBenchmark.FindWords: DefaultJob
Runtime = .NET 8.0.13 (8.0.1325.6609), X64 RyuJIT AVX2; GC = Concurrent Workstation
Mean = 378.667 μs, StdErr = 0.324 μs (0.09%), N = 14, StdDev = 1.212 μs
Min = 377.047 μs, Q1 = 377.905 μs, Median = 378.417 μs, Q3 = 379.615 μs, Max = 380.906 μs
IQR = 1.711 μs, LowerFence = 375.339 μs, UpperFence = 382.181 μs
ConfidenceInterval = [377.300 μs; 380.034 μs] (CI 99.9%), Margin = 1.367 μs (0.36% of Mean)
Skewness = 0.28, Kurtosis = 1.67, MValue = 2
-------------------- Histogram --------------------
[376.387 μs ; 381.566 μs) | @@@@@@@@@@@@@@
---------------------------------------------------

// * Summary *

BenchmarkDotNet v0.14.0, Windows 11 (10.0.26100.3775)
Unknown processor
.NET SDK 9.0.200
  [Host]     : .NET 8.0.13 (8.0.1325.6609), X64 RyuJIT AVX2
  DefaultJob : .NET 8.0.13 (8.0.1325.6609), X64 RyuJIT AVX2


| Method    | Mean     | Error   | StdDev  |
|---------- |---------:|--------:|--------:|
| FindWords | 378.7 μs | 1.37 μs | 1.21 μs |

// * Hints *
Outliers
  WordFinderBenchmark.FindWords: Default -> 1 outlier  was  removed (383.42 μs)

// * Legends *
  Mean   : Arithmetic mean of all measurements
  Error  : Half of 99.9% confidence interval
  StdDev : Standard deviation of all measurements
  1 μs   : 1 Microsecond (0.000001 sec)

// ***** BenchmarkRunner: End *****
Run time: 00:00:21 (21.33 sec), executed benchmarks: 1

// Found 1 benchmarks:
//   WeakWordFinderBenchmark.FindWords: DefaultJob

Setup power plan (GUID: 8c5e7fda-e8bf-4a96-9a85-a6e23a8c635c FriendlyName: High performance)
// **************************
// Benchmark: WeakWordFinderBenchmark.FindWords: DefaultJob
// *** Execute ***
// Launch: 1 / 1
// Execute: dotnet cec9ddf3-ddcc-41c8-aeae-9ca4fef5f5a5.dll --anonymousPipes 1652 1636 --benchmarkName QuDeveloperChallenge.Benchmarks.WeakWordFinderBenchmark.FindWords --job Default --benchmarkId 1 in C:\Users\danie\source\repos\QuDeveloperChallenge\QuDeveloperChallenge\QuDeveloperChallenge.Benchmarks\bin\Release\net8.0\cec9ddf3-ddcc-41c8-aeae-9ca4fef5f5a5\bin\Release\net8.0
// BeforeAnythingElse

// Benchmark Process Environment Information:
// BenchmarkDotNet v0.14.0
// Runtime=.NET 8.0.13 (8.0.1325.6609), X64 RyuJIT AVX2
// GC=Concurrent Workstation
// HardwareIntrinsics=AVX2,AES,BMI1,BMI2,FMA,LZCNT,PCLMUL,POPCNT,AvxVnni,SERIALIZE VectorSize=256
// Job: DefaultJob

OverheadJitting  1: 1 op, 98100.00 ns, 98.1000 us/op
WorkloadJitting  1: 1 op, 4484300.00 ns, 4.4843 ms/op

OverheadJitting  2: 16 op, 112100.00 ns, 7.0063 us/op
WorkloadJitting  2: 16 op, 3829800.00 ns, 239.3625 us/op

WorkloadPilot    1: 16 op, 2645000.00 ns, 165.3125 us/op
WorkloadPilot    2: 32 op, 5316900.00 ns, 166.1531 us/op
WorkloadPilot    3: 64 op, 10344300.00 ns, 161.6297 us/op
WorkloadPilot    4: 128 op, 19739300.00 ns, 154.2133 us/op
WorkloadPilot    5: 256 op, 41131400.00 ns, 160.6695 us/op
WorkloadPilot    6: 512 op, 83645700.00 ns, 163.3705 us/op
WorkloadPilot    7: 1024 op, 322332800.00 ns, 314.7781 us/op
WorkloadPilot    8: 2048 op, 351378500.00 ns, 171.5715 us/op
WorkloadPilot    9: 4096 op, 540096600.00 ns, 131.8595 us/op

OverheadWarmup   1: 4096 op, 8900.00 ns, 2.1729 ns/op
OverheadWarmup   2: 4096 op, 8000.00 ns, 1.9531 ns/op
OverheadWarmup   3: 4096 op, 7700.00 ns, 1.8799 ns/op
OverheadWarmup   4: 4096 op, 7600.00 ns, 1.8555 ns/op
OverheadWarmup   5: 4096 op, 7700.00 ns, 1.8799 ns/op
OverheadWarmup   6: 4096 op, 7500.00 ns, 1.8311 ns/op
OverheadWarmup   7: 4096 op, 7500.00 ns, 1.8311 ns/op
OverheadWarmup   8: 4096 op, 7800.00 ns, 1.9043 ns/op

OverheadActual   1: 4096 op, 8600.00 ns, 2.0996 ns/op
OverheadActual   2: 4096 op, 7800.00 ns, 1.9043 ns/op
OverheadActual   3: 4096 op, 8500.00 ns, 2.0752 ns/op
OverheadActual   4: 4096 op, 8500.00 ns, 2.0752 ns/op
OverheadActual   5: 4096 op, 7800.00 ns, 1.9043 ns/op
OverheadActual   6: 4096 op, 7400.00 ns, 1.8066 ns/op
OverheadActual   7: 4096 op, 7900.00 ns, 1.9287 ns/op
OverheadActual   8: 4096 op, 7700.00 ns, 1.8799 ns/op
OverheadActual   9: 4096 op, 8200.00 ns, 2.0020 ns/op
OverheadActual  10: 4096 op, 7800.00 ns, 1.9043 ns/op
OverheadActual  11: 4096 op, 7800.00 ns, 1.9043 ns/op
OverheadActual  12: 4096 op, 8600.00 ns, 2.0996 ns/op
OverheadActual  13: 4096 op, 21400.00 ns, 5.2246 ns/op
OverheadActual  14: 4096 op, 8600.00 ns, 2.0996 ns/op
OverheadActual  15: 4096 op, 7800.00 ns, 1.9043 ns/op
OverheadActual  16: 4096 op, 7700.00 ns, 1.8799 ns/op
OverheadActual  17: 4096 op, 14700.00 ns, 3.5889 ns/op
OverheadActual  18: 4096 op, 8900.00 ns, 2.1729 ns/op
OverheadActual  19: 4096 op, 8500.00 ns, 2.0752 ns/op
OverheadActual  20: 4096 op, 8300.00 ns, 2.0264 ns/op

WorkloadWarmup   1: 4096 op, 531257700.00 ns, 129.7016 us/op
WorkloadWarmup   2: 4096 op, 537113300.00 ns, 131.1312 us/op
WorkloadWarmup   3: 4096 op, 524922300.00 ns, 128.1549 us/op
WorkloadWarmup   4: 4096 op, 534887500.00 ns, 130.5878 us/op
WorkloadWarmup   5: 4096 op, 531856300.00 ns, 129.8477 us/op
WorkloadWarmup   6: 4096 op, 536383200.00 ns, 130.9529 us/op

// BeforeActualRun
WorkloadActual   1: 4096 op, 538845200.00 ns, 131.5540 us/op
WorkloadActual   2: 4096 op, 536030400.00 ns, 130.8668 us/op
WorkloadActual   3: 4096 op, 532583400.00 ns, 130.0252 us/op
WorkloadActual   4: 4096 op, 536269600.00 ns, 130.9252 us/op
WorkloadActual   5: 4096 op, 536573300.00 ns, 130.9993 us/op
WorkloadActual   6: 4096 op, 522442100.00 ns, 127.5493 us/op
WorkloadActual   7: 4096 op, 529110300.00 ns, 129.1773 us/op
WorkloadActual   8: 4096 op, 527194800.00 ns, 128.7097 us/op
WorkloadActual   9: 4096 op, 532540600.00 ns, 130.0148 us/op
WorkloadActual  10: 4096 op, 534952000.00 ns, 130.6035 us/op
WorkloadActual  11: 4096 op, 523340000.00 ns, 127.7686 us/op
WorkloadActual  12: 4096 op, 528277800.00 ns, 128.9741 us/op
WorkloadActual  13: 4096 op, 514554500.00 ns, 125.6237 us/op
WorkloadActual  14: 4096 op, 529462000.00 ns, 129.2632 us/op
WorkloadActual  15: 4096 op, 532159400.00 ns, 129.9217 us/op

// AfterActualRun
WorkloadResult   1: 4096 op, 538836950.00 ns, 131.5520 us/op
WorkloadResult   2: 4096 op, 536022150.00 ns, 130.8648 us/op
WorkloadResult   3: 4096 op, 532575150.00 ns, 130.0232 us/op
WorkloadResult   4: 4096 op, 536261350.00 ns, 130.9232 us/op
WorkloadResult   5: 4096 op, 536565050.00 ns, 130.9973 us/op
WorkloadResult   6: 4096 op, 522433850.00 ns, 127.5473 us/op
WorkloadResult   7: 4096 op, 529102050.00 ns, 129.1753 us/op
WorkloadResult   8: 4096 op, 527186550.00 ns, 128.7077 us/op
WorkloadResult   9: 4096 op, 532532350.00 ns, 130.0128 us/op
WorkloadResult  10: 4096 op, 534943750.00 ns, 130.6015 us/op
WorkloadResult  11: 4096 op, 523331750.00 ns, 127.7665 us/op
WorkloadResult  12: 4096 op, 528269550.00 ns, 128.9721 us/op
WorkloadResult  13: 4096 op, 514546250.00 ns, 125.6216 us/op
WorkloadResult  14: 4096 op, 529453750.00 ns, 129.2612 us/op
WorkloadResult  15: 4096 op, 532151150.00 ns, 129.9197 us/op

// AfterAll
// Benchmark Process 14764 has exited with code 0.

Mean = 129.463 μs, StdErr = 0.409 μs (0.32%), N = 15, StdDev = 1.585 μs
Min = 125.622 μs, Q1 = 128.840 μs, Median = 129.920 μs, Q3 = 130.733 μs, Max = 131.552 μs
IQR = 1.893 μs, LowerFence = 126.000 μs, UpperFence = 133.573 μs
ConfidenceInterval = [127.769 μs; 131.158 μs] (CI 99.9%), Margin = 1.695 μs (1.31% of Mean)
Skewness = -0.81, Kurtosis = 2.9, MValue = 2

// ** Remained 0 (0.0%) benchmark(s) to run. Estimated finish 2025-04-23 17:34 (0h 0m from now) **
Successfully reverted power plan (GUID: 381b4222-f694-41f0-9685-ff5bb260df2e FriendlyName: Balanced)
// ***** BenchmarkRunner: Finish  *****

// * Export *
  BenchmarkDotNet.Artifacts\results\QuDeveloperChallenge.Benchmarks.WeakWordFinderBenchmark-report.csv
  BenchmarkDotNet.Artifacts\results\QuDeveloperChallenge.Benchmarks.WeakWordFinderBenchmark-report-github.md
  BenchmarkDotNet.Artifacts\results\QuDeveloperChallenge.Benchmarks.WeakWordFinderBenchmark-report.html

// * Detailed results *
WeakWordFinderBenchmark.FindWords: DefaultJob
Runtime = .NET 8.0.13 (8.0.1325.6609), X64 RyuJIT AVX2; GC = Concurrent Workstation
Mean = 129.463 μs, StdErr = 0.409 μs (0.32%), N = 15, StdDev = 1.585 μs
Min = 125.622 μs, Q1 = 128.840 μs, Median = 129.920 μs, Q3 = 130.733 μs, Max = 131.552 μs
IQR = 1.893 μs, LowerFence = 126.000 μs, UpperFence = 133.573 μs
ConfidenceInterval = [127.769 μs; 131.158 μs] (CI 99.9%), Margin = 1.695 μs (1.31% of Mean)
Skewness = -0.81, Kurtosis = 2.9, MValue = 2
-------------------- Histogram --------------------
[124.778 μs ; 132.043 μs) | @@@@@@@@@@@@@@@
---------------------------------------------------

// * Summary *

BenchmarkDotNet v0.14.0, Windows 11 (10.0.26100.3775)
Unknown processor
.NET SDK 9.0.200
  [Host]     : .NET 8.0.13 (8.0.1325.6609), X64 RyuJIT AVX2
  DefaultJob : .NET 8.0.13 (8.0.1325.6609), X64 RyuJIT AVX2


| Method    | Mean     | Error   | StdDev  |
|---------- |---------:|--------:|--------:|
| FindWords | 129.5 μs | 1.69 μs | 1.59 μs |

// * Hints *
Outliers
  WeakWordFinderBenchmark.FindWords: Default -> 1 outlier  was  detected (125.62 μs)

// * Legends *
  Mean   : Arithmetic mean of all measurements
  Error  : Half of 99.9% confidence interval
  StdDev : Standard deviation of all measurements
  1 μs   : 1 Microsecond (0.000001 sec)

// ***** BenchmarkRunner: End *****
Run time: 00:00:13 (13.02 sec), executed benchmarks: 1

Global total time: 00:00:40 (40.07 sec), executed benchmarks: 2
// * Artifacts cleanup *
Artifacts cleanup is finished
