// Validating benchmarks:
// ***** BenchmarkRunner: Start   *****
// ***** Found 2 benchmark(s) in total *****
// ***** Building 1 exe(s) in Parallel: Start   *****
// start dotnet  restore /p:UseSharedCompilation=false /p:BuildInParallel=false /m:1 /p:Deterministic=true /p:Optimize=true /p:IntermediateOutputPath="C:\Users\danie\source\repos\QuDeveloperChallenge\QuDeveloperChallenge\QuDeveloperChallenge.Benchmarks\bin\Release\net8.0\d10e869a-9540-4c90-956e-5ce6243f301e\obj\Release\net8.0/" /p:OutDir="C:\Users\danie\source\repos\QuDeveloperChallenge\QuDeveloperChallenge\QuDeveloperChallenge.Benchmarks\bin\Release\net8.0\d10e869a-9540-4c90-956e-5ce6243f301e\bin\Release\net8.0/" /p:OutputPath="C:\Users\danie\source\repos\QuDeveloperChallenge\QuDeveloperChallenge\QuDeveloperChallenge.Benchmarks\bin\Release\net8.0\d10e869a-9540-4c90-956e-5ce6243f301e\bin\Release\net8.0/" in C:\Users\danie\source\repos\QuDeveloperChallenge\QuDeveloperChallenge\QuDeveloperChallenge.Benchmarks\bin\Release\net8.0\d10e869a-9540-4c90-956e-5ce6243f301e
// command took 2.37 sec and exited with 0
// start dotnet  build -c Release --no-restore /p:UseSharedCompilation=false /p:BuildInParallel=false /m:1 /p:Deterministic=true /p:Optimize=true /p:IntermediateOutputPath="C:\Users\danie\source\repos\QuDeveloperChallenge\QuDeveloperChallenge\QuDeveloperChallenge.Benchmarks\bin\Release\net8.0\d10e869a-9540-4c90-956e-5ce6243f301e\obj\Release\net8.0/" /p:OutDir="C:\Users\danie\source\repos\QuDeveloperChallenge\QuDeveloperChallenge\QuDeveloperChallenge.Benchmarks\bin\Release\net8.0\d10e869a-9540-4c90-956e-5ce6243f301e\bin\Release\net8.0/" /p:OutputPath="C:\Users\danie\source\repos\QuDeveloperChallenge\QuDeveloperChallenge\QuDeveloperChallenge.Benchmarks\bin\Release\net8.0\d10e869a-9540-4c90-956e-5ce6243f301e\bin\Release\net8.0/" --output "C:\Users\danie\source\repos\QuDeveloperChallenge\QuDeveloperChallenge\QuDeveloperChallenge.Benchmarks\bin\Release\net8.0\d10e869a-9540-4c90-956e-5ce6243f301e\bin\Release\net8.0/" in C:\Users\danie\source\repos\QuDeveloperChallenge\QuDeveloperChallenge\QuDeveloperChallenge.Benchmarks\bin\Release\net8.0\d10e869a-9540-4c90-956e-5ce6243f301e
// command took 4.37 sec and exited with 0
// ***** Done, took 00:00:06 (6.8 sec)   *****
// Found 1 benchmarks:
//   WordFinderBenchmark.FindWords: DefaultJob

Setup power plan (GUID: 8c5e7fda-e8bf-4a96-9a85-a6e23a8c635c FriendlyName: High performance)
// **************************
// Benchmark: WordFinderBenchmark.FindWords: DefaultJob
// *** Execute ***
// Launch: 1 / 1
// Execute: dotnet d10e869a-9540-4c90-956e-5ce6243f301e.dll --anonymousPipes 1368 1308 --benchmarkName QuDeveloperChallenge.Benchmarks.WordFinderBenchmark.FindWords --job Default --benchmarkId 0 in C:\Users\danie\source\repos\QuDeveloperChallenge\QuDeveloperChallenge\QuDeveloperChallenge.Benchmarks\bin\Release\net8.0\d10e869a-9540-4c90-956e-5ce6243f301e\bin\Release\net8.0
// BeforeAnythingElse

// Benchmark Process Environment Information:
// BenchmarkDotNet v0.14.0
// Runtime=.NET 8.0.13 (8.0.1325.6609), X64 RyuJIT AVX2
// GC=Concurrent Workstation
// HardwareIntrinsics=AVX2,AES,BMI1,BMI2,FMA,LZCNT,PCLMUL,POPCNT,AvxVnni,SERIALIZE VectorSize=256
// Job: DefaultJob

OverheadJitting  1: 1 op, 118700.00 ns, 118.7000 us/op
WorkloadJitting  1: 1 op, 3595200.00 ns, 3.5952 ms/op

OverheadJitting  2: 16 op, 117400.00 ns, 7.3375 us/op
WorkloadJitting  2: 16 op, 15164100.00 ns, 947.7563 us/op

WorkloadPilot    1: 16 op, 9602000.00 ns, 600.1250 us/op
WorkloadPilot    2: 32 op, 19078100.00 ns, 596.1906 us/op
WorkloadPilot    3: 64 op, 34595700.00 ns, 540.5578 us/op
WorkloadPilot    4: 128 op, 66278800.00 ns, 517.8031 us/op
WorkloadPilot    5: 256 op, 133436500.00 ns, 521.2363 us/op
WorkloadPilot    6: 512 op, 222057500.00 ns, 433.7061 us/op
WorkloadPilot    7: 1024 op, 387143700.00 ns, 378.0700 us/op
WorkloadPilot    8: 2048 op, 747448000.00 ns, 364.9648 us/op

OverheadWarmup   1: 2048 op, 5100.00 ns, 2.4902 ns/op
OverheadWarmup   2: 2048 op, 4100.00 ns, 2.0020 ns/op
OverheadWarmup   3: 2048 op, 4100.00 ns, 2.0020 ns/op
OverheadWarmup   4: 2048 op, 4100.00 ns, 2.0020 ns/op
OverheadWarmup   5: 2048 op, 4000.00 ns, 1.9531 ns/op
OverheadWarmup   6: 2048 op, 4000.00 ns, 1.9531 ns/op

OverheadActual   1: 2048 op, 4100.00 ns, 2.0020 ns/op
OverheadActual   2: 2048 op, 3700.00 ns, 1.8066 ns/op
OverheadActual   3: 2048 op, 4100.00 ns, 2.0020 ns/op
OverheadActual   4: 2048 op, 4200.00 ns, 2.0508 ns/op
OverheadActual   5: 2048 op, 10200.00 ns, 4.9805 ns/op
OverheadActual   6: 2048 op, 3700.00 ns, 1.8066 ns/op
OverheadActual   7: 2048 op, 3700.00 ns, 1.8066 ns/op
OverheadActual   8: 2048 op, 4100.00 ns, 2.0020 ns/op
OverheadActual   9: 2048 op, 4000.00 ns, 1.9531 ns/op
OverheadActual  10: 2048 op, 4000.00 ns, 1.9531 ns/op
OverheadActual  11: 2048 op, 4100.00 ns, 2.0020 ns/op
OverheadActual  12: 2048 op, 4000.00 ns, 1.9531 ns/op
OverheadActual  13: 2048 op, 4000.00 ns, 1.9531 ns/op
OverheadActual  14: 2048 op, 4000.00 ns, 1.9531 ns/op
OverheadActual  15: 2048 op, 4100.00 ns, 2.0020 ns/op

WorkloadWarmup   1: 2048 op, 751246300.00 ns, 366.8195 us/op
WorkloadWarmup   2: 2048 op, 758475000.00 ns, 370.3491 us/op
WorkloadWarmup   3: 2048 op, 746337500.00 ns, 364.4226 us/op
WorkloadWarmup   4: 2048 op, 751347600.00 ns, 366.8689 us/op
WorkloadWarmup   5: 2048 op, 748903500.00 ns, 365.6755 us/op
WorkloadWarmup   6: 2048 op, 745727200.00 ns, 364.1246 us/op

// BeforeActualRun
WorkloadActual   1: 2048 op, 746852000.00 ns, 364.6738 us/op
WorkloadActual   2: 2048 op, 747859200.00 ns, 365.1656 us/op
WorkloadActual   3: 2048 op, 763583000.00 ns, 372.8433 us/op
WorkloadActual   4: 2048 op, 756595400.00 ns, 369.4313 us/op
WorkloadActual   5: 2048 op, 757476100.00 ns, 369.8614 us/op
WorkloadActual   6: 2048 op, 753388100.00 ns, 367.8653 us/op
WorkloadActual   7: 2048 op, 751939000.00 ns, 367.1577 us/op
WorkloadActual   8: 2048 op, 753412100.00 ns, 367.8770 us/op
WorkloadActual   9: 2048 op, 749929800.00 ns, 366.1767 us/op
WorkloadActual  10: 2048 op, 749362100.00 ns, 365.8995 us/op
WorkloadActual  11: 2048 op, 761911300.00 ns, 372.0270 us/op
WorkloadActual  12: 2048 op, 748739200.00 ns, 365.5953 us/op
WorkloadActual  13: 2048 op, 752502000.00 ns, 367.4326 us/op
WorkloadActual  14: 2048 op, 749994400.00 ns, 366.2082 us/op
WorkloadActual  15: 2048 op, 749911200.00 ns, 366.1676 us/op

// AfterActualRun
WorkloadResult   1: 2048 op, 746848000.00 ns, 364.6719 us/op
WorkloadResult   2: 2048 op, 747855200.00 ns, 365.1637 us/op
WorkloadResult   3: 2048 op, 756591400.00 ns, 369.4294 us/op
WorkloadResult   4: 2048 op, 757472100.00 ns, 369.8594 us/op
WorkloadResult   5: 2048 op, 753384100.00 ns, 367.8633 us/op
WorkloadResult   6: 2048 op, 751935000.00 ns, 367.1558 us/op
WorkloadResult   7: 2048 op, 753408100.00 ns, 367.8750 us/op
WorkloadResult   8: 2048 op, 749925800.00 ns, 366.1747 us/op
WorkloadResult   9: 2048 op, 749358100.00 ns, 365.8975 us/op
WorkloadResult  10: 2048 op, 761907300.00 ns, 372.0250 us/op
WorkloadResult  11: 2048 op, 748735200.00 ns, 365.5934 us/op
WorkloadResult  12: 2048 op, 752498000.00 ns, 367.4307 us/op
WorkloadResult  13: 2048 op, 749990400.00 ns, 366.2063 us/op
WorkloadResult  14: 2048 op, 749907200.00 ns, 366.1656 us/op

// AfterAll
// Benchmark Process 32332 has exited with code 0.

Mean = 367.251 μs, StdErr = 0.546 μs (0.15%), N = 14, StdDev = 2.041 μs
Min = 364.672 μs, Q1 = 365.965 μs, Median = 366.681 μs, Q3 = 367.872 μs, Max = 372.025 μs
IQR = 1.908 μs, LowerFence = 363.103 μs, UpperFence = 370.733 μs
ConfidenceInterval = [364.948 μs; 369.553 μs] (CI 99.9%), Margin = 2.303 μs (0.63% of Mean)
Skewness = 0.84, Kurtosis = 2.74, MValue = 2

// ** Remained 1 (50.0%) benchmark(s) to run. Estimated finish 2025-04-23 17:52 (0h 0m from now) **
Successfully reverted power plan (GUID: 381b4222-f694-41f0-9685-ff5bb260df2e FriendlyName: Balanced)
// ***** BenchmarkRunner: Finish  *****

// * Export *
  BenchmarkDotNet.Artifacts\results\QuDeveloperChallenge.Benchmarks.WordFinderBenchmark-report.csv
  BenchmarkDotNet.Artifacts\results\QuDeveloperChallenge.Benchmarks.WordFinderBenchmark-report-github.md
  BenchmarkDotNet.Artifacts\results\QuDeveloperChallenge.Benchmarks.WordFinderBenchmark-report.html

// * Detailed results *
WordFinderBenchmark.FindWords: DefaultJob
Runtime = .NET 8.0.13 (8.0.1325.6609), X64 RyuJIT AVX2; GC = Concurrent Workstation
Mean = 367.251 μs, StdErr = 0.546 μs (0.15%), N = 14, StdDev = 2.041 μs
Min = 364.672 μs, Q1 = 365.965 μs, Median = 366.681 μs, Q3 = 367.872 μs, Max = 372.025 μs
IQR = 1.908 μs, LowerFence = 363.103 μs, UpperFence = 370.733 μs
ConfidenceInterval = [364.948 μs; 369.553 μs] (CI 99.9%), Margin = 2.303 μs (0.63% of Mean)
Skewness = 0.84, Kurtosis = 2.74, MValue = 2
-------------------- Histogram --------------------
[363.560 μs ; 373.137 μs) | @@@@@@@@@@@@@@
---------------------------------------------------

// * Summary *

BenchmarkDotNet v0.14.0, Windows 11 (10.0.26100.3775)
Unknown processor
.NET SDK 9.0.200
  [Host]     : .NET 8.0.13 (8.0.1325.6609), X64 RyuJIT AVX2
  DefaultJob : .NET 8.0.13 (8.0.1325.6609), X64 RyuJIT AVX2


| Method    | Mean     | Error   | StdDev  |
|---------- |---------:|--------:|--------:|
| FindWords | 367.3 μs | 2.30 μs | 2.04 μs |

// * Hints *
Outliers
  WordFinderBenchmark.FindWords: Default -> 1 outlier  was  removed (372.84 μs)

// * Legends *
  Mean   : Arithmetic mean of all measurements
  Error  : Half of 99.9% confidence interval
  StdDev : Standard deviation of all measurements
  1 μs   : 1 Microsecond (0.000001 sec)

// ***** BenchmarkRunner: End *****
Run time: 00:00:18 (18.33 sec), executed benchmarks: 1

// Found 1 benchmarks:
//   WeakWordFinderBenchmark.FindWords: DefaultJob

Setup power plan (GUID: 8c5e7fda-e8bf-4a96-9a85-a6e23a8c635c FriendlyName: High performance)
// **************************
// Benchmark: WeakWordFinderBenchmark.FindWords: DefaultJob
// *** Execute ***
// Launch: 1 / 1
// Execute: dotnet d10e869a-9540-4c90-956e-5ce6243f301e.dll --anonymousPipes 1484 1472 --benchmarkName QuDeveloperChallenge.Benchmarks.WeakWordFinderBenchmark.FindWords --job Default --benchmarkId 1 in C:\Users\danie\source\repos\QuDeveloperChallenge\QuDeveloperChallenge\QuDeveloperChallenge.Benchmarks\bin\Release\net8.0\d10e869a-9540-4c90-956e-5ce6243f301e\bin\Release\net8.0
// BeforeAnythingElse

// Benchmark Process Environment Information:
// BenchmarkDotNet v0.14.0
// Runtime=.NET 8.0.13 (8.0.1325.6609), X64 RyuJIT AVX2
// GC=Concurrent Workstation
// HardwareIntrinsics=AVX2,AES,BMI1,BMI2,FMA,LZCNT,PCLMUL,POPCNT,AvxVnni,SERIALIZE VectorSize=256
// Job: DefaultJob

OverheadJitting  1: 1 op, 94400.00 ns, 94.4000 us/op
WorkloadJitting  1: 1 op, 4249600.00 ns, 4.2496 ms/op

OverheadJitting  2: 16 op, 108100.00 ns, 6.7563 us/op
WorkloadJitting  2: 16 op, 3834500.00 ns, 239.6563 us/op

WorkloadPilot    1: 16 op, 2725300.00 ns, 170.3313 us/op
WorkloadPilot    2: 32 op, 5307700.00 ns, 165.8656 us/op
WorkloadPilot    3: 64 op, 10270700.00 ns, 160.4797 us/op
WorkloadPilot    4: 128 op, 19866700.00 ns, 155.2086 us/op
WorkloadPilot    5: 256 op, 41073700.00 ns, 160.4441 us/op
WorkloadPilot    6: 512 op, 81197400.00 ns, 158.5887 us/op
WorkloadPilot    7: 1024 op, 302204100.00 ns, 295.1212 us/op
WorkloadPilot    8: 2048 op, 357095000.00 ns, 174.3628 us/op
WorkloadPilot    9: 4096 op, 533160800.00 ns, 130.1662 us/op

OverheadWarmup   1: 4096 op, 10100.00 ns, 2.4658 ns/op
OverheadWarmup   2: 4096 op, 7900.00 ns, 1.9287 ns/op
OverheadWarmup   3: 4096 op, 7700.00 ns, 1.8799 ns/op
OverheadWarmup   4: 4096 op, 7800.00 ns, 1.9043 ns/op
OverheadWarmup   5: 4096 op, 7600.00 ns, 1.8555 ns/op
OverheadWarmup   6: 4096 op, 7400.00 ns, 1.8066 ns/op
OverheadWarmup   7: 4096 op, 7300.00 ns, 1.7822 ns/op
OverheadWarmup   8: 4096 op, 7600.00 ns, 1.8555 ns/op
OverheadWarmup   9: 4096 op, 8500.00 ns, 2.0752 ns/op
OverheadWarmup  10: 4096 op, 7600.00 ns, 1.8555 ns/op

OverheadActual   1: 4096 op, 7600.00 ns, 1.8555 ns/op
OverheadActual   2: 4096 op, 7700.00 ns, 1.8799 ns/op
OverheadActual   3: 4096 op, 7700.00 ns, 1.8799 ns/op
OverheadActual   4: 4096 op, 7600.00 ns, 1.8555 ns/op
OverheadActual   5: 4096 op, 7700.00 ns, 1.8799 ns/op
OverheadActual   6: 4096 op, 7700.00 ns, 1.8799 ns/op
OverheadActual   7: 4096 op, 7700.00 ns, 1.8799 ns/op
OverheadActual   8: 4096 op, 7600.00 ns, 1.8555 ns/op
OverheadActual   9: 4096 op, 7600.00 ns, 1.8555 ns/op
OverheadActual  10: 4096 op, 7600.00 ns, 1.8555 ns/op
OverheadActual  11: 4096 op, 7500.00 ns, 1.8311 ns/op
OverheadActual  12: 4096 op, 7700.00 ns, 1.8799 ns/op
OverheadActual  13: 4096 op, 7600.00 ns, 1.8555 ns/op
OverheadActual  14: 4096 op, 7600.00 ns, 1.8555 ns/op
OverheadActual  15: 4096 op, 7400.00 ns, 1.8066 ns/op

WorkloadWarmup   1: 4096 op, 516641200.00 ns, 126.1331 us/op
WorkloadWarmup   2: 4096 op, 516134000.00 ns, 126.0093 us/op
WorkloadWarmup   3: 4096 op, 533509200.00 ns, 130.2513 us/op
WorkloadWarmup   4: 4096 op, 526105600.00 ns, 128.4438 us/op
WorkloadWarmup   5: 4096 op, 534387000.00 ns, 130.4656 us/op
WorkloadWarmup   6: 4096 op, 525886100.00 ns, 128.3902 us/op

// BeforeActualRun
WorkloadActual   1: 4096 op, 535547800.00 ns, 130.7490 us/op
WorkloadActual   2: 4096 op, 526166000.00 ns, 128.4585 us/op
WorkloadActual   3: 4096 op, 527301500.00 ns, 128.7357 us/op
WorkloadActual   4: 4096 op, 520333100.00 ns, 127.0344 us/op
WorkloadActual   5: 4096 op, 526564200.00 ns, 128.5557 us/op
WorkloadActual   6: 4096 op, 522354000.00 ns, 127.5278 us/op
WorkloadActual   7: 4096 op, 515028900.00 ns, 125.7395 us/op
WorkloadActual   8: 4096 op, 522504000.00 ns, 127.5645 us/op
WorkloadActual   9: 4096 op, 515769900.00 ns, 125.9204 us/op
WorkloadActual  10: 4096 op, 525152100.00 ns, 128.2110 us/op
WorkloadActual  11: 4096 op, 524243100.00 ns, 127.9890 us/op
WorkloadActual  12: 4096 op, 508849000.00 ns, 124.2307 us/op
WorkloadActual  13: 4096 op, 518915100.00 ns, 126.6883 us/op
WorkloadActual  14: 4096 op, 531518000.00 ns, 129.7651 us/op
WorkloadActual  15: 4096 op, 526990400.00 ns, 128.6598 us/op

// AfterActualRun
WorkloadResult   1: 4096 op, 535540200.00 ns, 130.7471 us/op
WorkloadResult   2: 4096 op, 526158400.00 ns, 128.4566 us/op
WorkloadResult   3: 4096 op, 527293900.00 ns, 128.7339 us/op
WorkloadResult   4: 4096 op, 520325500.00 ns, 127.0326 us/op
WorkloadResult   5: 4096 op, 526556600.00 ns, 128.5539 us/op
WorkloadResult   6: 4096 op, 522346400.00 ns, 127.5260 us/op
WorkloadResult   7: 4096 op, 515021300.00 ns, 125.7376 us/op
WorkloadResult   8: 4096 op, 522496400.00 ns, 127.5626 us/op
WorkloadResult   9: 4096 op, 515762300.00 ns, 125.9185 us/op
WorkloadResult  10: 4096 op, 525144500.00 ns, 128.2091 us/op
WorkloadResult  11: 4096 op, 524235500.00 ns, 127.9872 us/op
WorkloadResult  12: 4096 op, 508841400.00 ns, 124.2289 us/op
WorkloadResult  13: 4096 op, 518907500.00 ns, 126.6864 us/op
WorkloadResult  14: 4096 op, 531510400.00 ns, 129.7633 us/op
WorkloadResult  15: 4096 op, 526982800.00 ns, 128.6579 us/op

// AfterAll
// Benchmark Process 30520 has exited with code 0.

Mean = 127.720 μs, StdErr = 0.424 μs (0.33%), N = 15, StdDev = 1.642 μs
Min = 124.229 μs, Q1 = 126.859 μs, Median = 127.987 μs, Q3 = 128.606 μs, Max = 130.747 μs
IQR = 1.746 μs, LowerFence = 124.240 μs, UpperFence = 131.225 μs
ConfidenceInterval = [125.964 μs; 129.476 μs] (CI 99.9%), Margin = 1.756 μs (1.37% of Mean)
Skewness = -0.28, Kurtosis = 2.57, MValue = 2

// ** Remained 0 (0.0%) benchmark(s) to run. Estimated finish 2025-04-23 17:52 (0h 0m from now) **
Successfully reverted power plan (GUID: 381b4222-f694-41f0-9685-ff5bb260df2e FriendlyName: Balanced)
// ***** BenchmarkRunner: Finish  *****

// * Export *
  BenchmarkDotNet.Artifacts\results\QuDeveloperChallenge.Benchmarks.WeakWordFinderBenchmark-report.csv
  BenchmarkDotNet.Artifacts\results\QuDeveloperChallenge.Benchmarks.WeakWordFinderBenchmark-report-github.md
  BenchmarkDotNet.Artifacts\results\QuDeveloperChallenge.Benchmarks.WeakWordFinderBenchmark-report.html

// * Detailed results *
WeakWordFinderBenchmark.FindWords: DefaultJob
Runtime = .NET 8.0.13 (8.0.1325.6609), X64 RyuJIT AVX2; GC = Concurrent Workstation
Mean = 127.720 μs, StdErr = 0.424 μs (0.33%), N = 15, StdDev = 1.642 μs
Min = 124.229 μs, Q1 = 126.859 μs, Median = 127.987 μs, Q3 = 128.606 μs, Max = 130.747 μs
IQR = 1.746 μs, LowerFence = 124.240 μs, UpperFence = 131.225 μs
ConfidenceInterval = [125.964 μs; 129.476 μs] (CI 99.9%), Margin = 1.756 μs (1.37% of Mean)
Skewness = -0.28, Kurtosis = 2.57, MValue = 2
-------------------- Histogram --------------------
[123.823 μs ; 126.604 μs) | @@@
[126.604 μs ; 131.621 μs) | @@@@@@@@@@@@
---------------------------------------------------

// * Summary *

BenchmarkDotNet v0.14.0, Windows 11 (10.0.26100.3775)
Unknown processor
.NET SDK 9.0.200
  [Host]     : .NET 8.0.13 (8.0.1325.6609), X64 RyuJIT AVX2
  DefaultJob : .NET 8.0.13 (8.0.1325.6609), X64 RyuJIT AVX2


| Method    | Mean     | Error   | StdDev  |
|---------- |---------:|--------:|--------:|
| FindWords | 127.7 μs | 1.76 μs | 1.64 μs |

// * Hints *
Outliers
  WeakWordFinderBenchmark.FindWords: Default -> 1 outlier  was  detected (124.23 μs)

// * Legends *
  Mean   : Arithmetic mean of all measurements
  Error  : Half of 99.9% confidence interval
  StdDev : Standard deviation of all measurements
  1 μs   : 1 Microsecond (0.000001 sec)

// ***** BenchmarkRunner: End *****
Run time: 00:00:12 (12.95 sec), executed benchmarks: 1

Global total time: 00:00:38 (38.44 sec), executed benchmarks: 2
// * Artifacts cleanup *
Artifacts cleanup is finished
