// Validating benchmarks:
// ***** BenchmarkRunner: Start   *****
// ***** Found 2 benchmark(s) in total *****
// ***** Building 1 exe(s) in Parallel: Start   *****
// start dotnet  restore /p:UseSharedCompilation=false /p:BuildInParallel=false /m:1 /p:Deterministic=true /p:Optimize=true /p:IntermediateOutputPath="C:\Users\danie\source\repos\QuDeveloperChallenge\QuDeveloperChallenge\QuDeveloperChallenge.Benchmarks\bin\Release\net8.0\5fca392f-5f54-45cb-b1cb-8a6be6c34ffe\obj\Release\net8.0/" /p:OutDir="C:\Users\danie\source\repos\QuDeveloperChallenge\QuDeveloperChallenge\QuDeveloperChallenge.Benchmarks\bin\Release\net8.0\5fca392f-5f54-45cb-b1cb-8a6be6c34ffe\bin\Release\net8.0/" /p:OutputPath="C:\Users\danie\source\repos\QuDeveloperChallenge\QuDeveloperChallenge\QuDeveloperChallenge.Benchmarks\bin\Release\net8.0\5fca392f-5f54-45cb-b1cb-8a6be6c34ffe\bin\Release\net8.0/" in C:\Users\danie\source\repos\QuDeveloperChallenge\QuDeveloperChallenge\QuDeveloperChallenge.Benchmarks\bin\Release\net8.0\5fca392f-5f54-45cb-b1cb-8a6be6c34ffe
// command took 1.14 sec and exited with 0
// start dotnet  build -c Release --no-restore /p:UseSharedCompilation=false /p:BuildInParallel=false /m:1 /p:Deterministic=true /p:Optimize=true /p:IntermediateOutputPath="C:\Users\danie\source\repos\QuDeveloperChallenge\QuDeveloperChallenge\QuDeveloperChallenge.Benchmarks\bin\Release\net8.0\5fca392f-5f54-45cb-b1cb-8a6be6c34ffe\obj\Release\net8.0/" /p:OutDir="C:\Users\danie\source\repos\QuDeveloperChallenge\QuDeveloperChallenge\QuDeveloperChallenge.Benchmarks\bin\Release\net8.0\5fca392f-5f54-45cb-b1cb-8a6be6c34ffe\bin\Release\net8.0/" /p:OutputPath="C:\Users\danie\source\repos\QuDeveloperChallenge\QuDeveloperChallenge\QuDeveloperChallenge.Benchmarks\bin\Release\net8.0\5fca392f-5f54-45cb-b1cb-8a6be6c34ffe\bin\Release\net8.0/" --output "C:\Users\danie\source\repos\QuDeveloperChallenge\QuDeveloperChallenge\QuDeveloperChallenge.Benchmarks\bin\Release\net8.0\5fca392f-5f54-45cb-b1cb-8a6be6c34ffe\bin\Release\net8.0/" in C:\Users\danie\source\repos\QuDeveloperChallenge\QuDeveloperChallenge\QuDeveloperChallenge.Benchmarks\bin\Release\net8.0\5fca392f-5f54-45cb-b1cb-8a6be6c34ffe
// command took 4.6 sec and exited with 0
// ***** Done, took 00:00:05 (5.78 sec)   *****
// Found 2 benchmarks:
//   FinderComparisonBenchmark.FindWords: DefaultJob
//   FinderComparisonBenchmark.WeakWordFinder_Find: DefaultJob

Setup power plan (GUID: 8c5e7fda-e8bf-4a96-9a85-a6e23a8c635c FriendlyName: High performance)
// **************************
// Benchmark: FinderComparisonBenchmark.FindWords: DefaultJob
// *** Execute ***
// Launch: 1 / 1
// Execute: dotnet 5fca392f-5f54-45cb-b1cb-8a6be6c34ffe.dll --anonymousPipes 1416 1316 --benchmarkName QuDeveloperChallenge.Benchmarks.FinderComparisonBenchmark.FindWords --job Default --benchmarkId 0 in C:\Users\danie\source\repos\QuDeveloperChallenge\QuDeveloperChallenge\QuDeveloperChallenge.Benchmarks\bin\Release\net8.0\5fca392f-5f54-45cb-b1cb-8a6be6c34ffe\bin\Release\net8.0
// BeforeAnythingElse

// Benchmark Process Environment Information:
// BenchmarkDotNet v0.14.0
// Runtime=.NET 8.0.13 (8.0.1325.6609), X64 RyuJIT AVX2
// GC=Concurrent Workstation
// HardwareIntrinsics=AVX2,AES,BMI1,BMI2,FMA,LZCNT,PCLMUL,POPCNT,AvxVnni,SERIALIZE VectorSize=256
// Job: DefaultJob

OverheadJitting  1: 1 op, 99300.00 ns, 99.3000 us/op
WorkloadJitting  1: 1 op, 3698800.00 ns, 3.6988 ms/op

OverheadJitting  2: 16 op, 114300.00 ns, 7.1438 us/op
WorkloadJitting  2: 16 op, 15795200.00 ns, 987.2000 us/op

WorkloadPilot    1: 16 op, 10177500.00 ns, 636.0938 us/op
WorkloadPilot    2: 32 op, 19420500.00 ns, 606.8906 us/op
WorkloadPilot    3: 64 op, 36021700.00 ns, 562.8391 us/op
WorkloadPilot    4: 128 op, 67073500.00 ns, 524.0117 us/op
WorkloadPilot    5: 256 op, 145969200.00 ns, 570.1922 us/op
WorkloadPilot    6: 512 op, 262872900.00 ns, 513.4236 us/op
WorkloadPilot    7: 1024 op, 404252900.00 ns, 394.7782 us/op
WorkloadPilot    8: 2048 op, 797608300.00 ns, 389.4572 us/op

OverheadWarmup   1: 2048 op, 4400.00 ns, 2.1484 ns/op
OverheadWarmup   2: 2048 op, 4100.00 ns, 2.0020 ns/op
OverheadWarmup   3: 2048 op, 3700.00 ns, 1.8066 ns/op
OverheadWarmup   4: 2048 op, 3700.00 ns, 1.8066 ns/op
OverheadWarmup   5: 2048 op, 4100.00 ns, 2.0020 ns/op
OverheadWarmup   6: 2048 op, 4100.00 ns, 2.0020 ns/op
OverheadWarmup   7: 2048 op, 4000.00 ns, 1.9531 ns/op

OverheadActual   1: 2048 op, 4000.00 ns, 1.9531 ns/op
OverheadActual   2: 2048 op, 4100.00 ns, 2.0020 ns/op
OverheadActual   3: 2048 op, 4100.00 ns, 2.0020 ns/op
OverheadActual   4: 2048 op, 4000.00 ns, 1.9531 ns/op
OverheadActual   5: 2048 op, 4200.00 ns, 2.0508 ns/op
OverheadActual   6: 2048 op, 4100.00 ns, 2.0020 ns/op
OverheadActual   7: 2048 op, 4100.00 ns, 2.0020 ns/op
OverheadActual   8: 2048 op, 4100.00 ns, 2.0020 ns/op
OverheadActual   9: 2048 op, 4100.00 ns, 2.0020 ns/op
OverheadActual  10: 2048 op, 4100.00 ns, 2.0020 ns/op
OverheadActual  11: 2048 op, 4200.00 ns, 2.0508 ns/op
OverheadActual  12: 2048 op, 4200.00 ns, 2.0508 ns/op
OverheadActual  13: 2048 op, 4100.00 ns, 2.0020 ns/op
OverheadActual  14: 2048 op, 4000.00 ns, 1.9531 ns/op
OverheadActual  15: 2048 op, 3700.00 ns, 1.8066 ns/op

WorkloadWarmup   1: 2048 op, 806345400.00 ns, 393.7233 us/op
WorkloadWarmup   2: 2048 op, 803785400.00 ns, 392.4733 us/op
WorkloadWarmup   3: 2048 op, 797329500.00 ns, 389.3210 us/op
WorkloadWarmup   4: 2048 op, 789758500.00 ns, 385.6243 us/op
WorkloadWarmup   5: 2048 op, 803222900.00 ns, 392.1987 us/op
WorkloadWarmup   6: 2048 op, 802155400.00 ns, 391.6774 us/op
WorkloadWarmup   7: 2048 op, 783280700.00 ns, 382.4613 us/op
WorkloadWarmup   8: 2048 op, 777258600.00 ns, 379.5208 us/op
WorkloadWarmup   9: 2048 op, 781152700.00 ns, 381.4222 us/op
WorkloadWarmup  10: 2048 op, 789171900.00 ns, 385.3378 us/op
WorkloadWarmup  11: 2048 op, 779358700.00 ns, 380.5462 us/op

// BeforeActualRun
WorkloadActual   1: 2048 op, 781108400.00 ns, 381.4006 us/op
WorkloadActual   2: 2048 op, 776696400.00 ns, 379.2463 us/op
WorkloadActual   3: 2048 op, 780032100.00 ns, 380.8750 us/op
WorkloadActual   4: 2048 op, 780742700.00 ns, 381.2220 us/op
WorkloadActual   5: 2048 op, 779265600.00 ns, 380.5008 us/op
WorkloadActual   6: 2048 op, 788020200.00 ns, 384.7755 us/op
WorkloadActual   7: 2048 op, 785963600.00 ns, 383.7713 us/op
WorkloadActual   8: 2048 op, 779105700.00 ns, 380.4227 us/op
WorkloadActual   9: 2048 op, 780360000.00 ns, 381.0352 us/op
WorkloadActual  10: 2048 op, 778621600.00 ns, 380.1863 us/op
WorkloadActual  11: 2048 op, 782722600.00 ns, 382.1888 us/op
WorkloadActual  12: 2048 op, 787827400.00 ns, 384.6813 us/op
WorkloadActual  13: 2048 op, 787013000.00 ns, 384.2837 us/op
WorkloadActual  14: 2048 op, 786130800.00 ns, 383.8529 us/op
WorkloadActual  15: 2048 op, 797753500.00 ns, 389.5281 us/op

// AfterActualRun
WorkloadResult   1: 2048 op, 781104300.00 ns, 381.3986 us/op
WorkloadResult   2: 2048 op, 776692300.00 ns, 379.2443 us/op
WorkloadResult   3: 2048 op, 780028000.00 ns, 380.8730 us/op
WorkloadResult   4: 2048 op, 780738600.00 ns, 381.2200 us/op
WorkloadResult   5: 2048 op, 779261500.00 ns, 380.4988 us/op
WorkloadResult   6: 2048 op, 788016100.00 ns, 384.7735 us/op
WorkloadResult   7: 2048 op, 785959500.00 ns, 383.7693 us/op
WorkloadResult   8: 2048 op, 779101600.00 ns, 380.4207 us/op
WorkloadResult   9: 2048 op, 780355900.00 ns, 381.0332 us/op
WorkloadResult  10: 2048 op, 778617500.00 ns, 380.1843 us/op
WorkloadResult  11: 2048 op, 782718500.00 ns, 382.1868 us/op
WorkloadResult  12: 2048 op, 787823300.00 ns, 384.6793 us/op
WorkloadResult  13: 2048 op, 787008900.00 ns, 384.2817 us/op
WorkloadResult  14: 2048 op, 786126700.00 ns, 383.8509 us/op

// AfterAll
// Benchmark Process 30600 has exited with code 0.

Mean = 382.030 μs, StdErr = 0.500 μs (0.13%), N = 14, StdDev = 1.870 μs
Min = 379.244 μs, Q1 = 380.592 μs, Median = 381.309 μs, Q3 = 383.831 μs, Max = 384.773 μs
IQR = 3.238 μs, LowerFence = 375.735 μs, UpperFence = 388.688 μs
ConfidenceInterval = [379.920 μs; 384.139 μs] (CI 99.9%), Margin = 2.110 μs (0.55% of Mean)
Skewness = 0.25, Kurtosis = 1.4, MValue = 2

// ** Remained 1 (50.0%) benchmark(s) to run. Estimated finish 2025-04-23 17:40 (0h 0m from now) **
Setup power plan (GUID: 8c5e7fda-e8bf-4a96-9a85-a6e23a8c635c FriendlyName: High performance)
// **************************
// Benchmark: FinderComparisonBenchmark.WeakWordFinder_Find: DefaultJob
// *** Execute ***
// Launch: 1 / 1
// Execute: dotnet 5fca392f-5f54-45cb-b1cb-8a6be6c34ffe.dll --anonymousPipes 1384 1408 --benchmarkName QuDeveloperChallenge.Benchmarks.FinderComparisonBenchmark.WeakWordFinder_Find --job Default --benchmarkId 1 in C:\Users\danie\source\repos\QuDeveloperChallenge\QuDeveloperChallenge\QuDeveloperChallenge.Benchmarks\bin\Release\net8.0\5fca392f-5f54-45cb-b1cb-8a6be6c34ffe\bin\Release\net8.0
// BeforeAnythingElse

// Benchmark Process Environment Information:
// BenchmarkDotNet v0.14.0
// Runtime=.NET 8.0.13 (8.0.1325.6609), X64 RyuJIT AVX2
// GC=Concurrent Workstation
// HardwareIntrinsics=AVX2,AES,BMI1,BMI2,FMA,LZCNT,PCLMUL,POPCNT,AvxVnni,SERIALIZE VectorSize=256
// Job: DefaultJob

OverheadJitting  1: 1 op, 110300.00 ns, 110.3000 us/op
WorkloadJitting  1: 1 op, 4726800.00 ns, 4.7268 ms/op

OverheadJitting  2: 16 op, 110800.00 ns, 6.9250 us/op
WorkloadJitting  2: 16 op, 4079100.00 ns, 254.9438 us/op

WorkloadPilot    1: 16 op, 2636200.00 ns, 164.7625 us/op
WorkloadPilot    2: 32 op, 5295800.00 ns, 165.4938 us/op
WorkloadPilot    3: 64 op, 10749800.00 ns, 167.9656 us/op
WorkloadPilot    4: 128 op, 21706000.00 ns, 169.5781 us/op
WorkloadPilot    5: 256 op, 41995500.00 ns, 164.0449 us/op
WorkloadPilot    6: 512 op, 86776100.00 ns, 169.4846 us/op
WorkloadPilot    7: 1024 op, 358501500.00 ns, 350.0991 us/op
WorkloadPilot    8: 2048 op, 308023500.00 ns, 150.4021 us/op
WorkloadPilot    9: 4096 op, 532972400.00 ns, 130.1202 us/op

OverheadWarmup   1: 4096 op, 7600.00 ns, 1.8555 ns/op
OverheadWarmup   2: 4096 op, 8200.00 ns, 2.0020 ns/op
OverheadWarmup   3: 4096 op, 7000.00 ns, 1.7090 ns/op
OverheadWarmup   4: 4096 op, 7000.00 ns, 1.7090 ns/op
OverheadWarmup   5: 4096 op, 7800.00 ns, 1.9043 ns/op

OverheadActual   1: 4096 op, 7100.00 ns, 1.7334 ns/op
OverheadActual   2: 4096 op, 7000.00 ns, 1.7090 ns/op
OverheadActual   3: 4096 op, 7000.00 ns, 1.7090 ns/op
OverheadActual   4: 4096 op, 7700.00 ns, 1.8799 ns/op
OverheadActual   5: 4096 op, 7700.00 ns, 1.8799 ns/op
OverheadActual   6: 4096 op, 7700.00 ns, 1.8799 ns/op
OverheadActual   7: 4096 op, 7700.00 ns, 1.8799 ns/op
OverheadActual   8: 4096 op, 7600.00 ns, 1.8555 ns/op
OverheadActual   9: 4096 op, 7800.00 ns, 1.9043 ns/op
OverheadActual  10: 4096 op, 7700.00 ns, 1.8799 ns/op
OverheadActual  11: 4096 op, 7700.00 ns, 1.8799 ns/op
OverheadActual  12: 4096 op, 7900.00 ns, 1.9287 ns/op
OverheadActual  13: 4096 op, 7800.00 ns, 1.9043 ns/op
OverheadActual  14: 4096 op, 7600.00 ns, 1.8555 ns/op
OverheadActual  15: 4096 op, 7700.00 ns, 1.8799 ns/op

WorkloadWarmup   1: 4096 op, 534309300.00 ns, 130.4466 us/op
WorkloadWarmup   2: 4096 op, 534968300.00 ns, 130.6075 us/op
WorkloadWarmup   3: 4096 op, 527688800.00 ns, 128.8303 us/op
WorkloadWarmup   4: 4096 op, 537569100.00 ns, 131.2425 us/op
WorkloadWarmup   5: 4096 op, 538078100.00 ns, 131.3667 us/op
WorkloadWarmup   6: 4096 op, 529616800.00 ns, 129.3010 us/op

// BeforeActualRun
WorkloadActual   1: 4096 op, 533389300.00 ns, 130.2220 us/op
WorkloadActual   2: 4096 op, 535261900.00 ns, 130.6792 us/op
WorkloadActual   3: 4096 op, 531988400.00 ns, 129.8800 us/op
WorkloadActual   4: 4096 op, 530683000.00 ns, 129.5613 us/op
WorkloadActual   5: 4096 op, 519239900.00 ns, 126.7676 us/op
WorkloadActual   6: 4096 op, 527749700.00 ns, 128.8451 us/op
WorkloadActual   7: 4096 op, 532136300.00 ns, 129.9161 us/op
WorkloadActual   8: 4096 op, 524846700.00 ns, 128.1364 us/op
WorkloadActual   9: 4096 op, 533940500.00 ns, 130.3566 us/op
WorkloadActual  10: 4096 op, 531087400.00 ns, 129.6600 us/op
WorkloadActual  11: 4096 op, 533979500.00 ns, 130.3661 us/op
WorkloadActual  12: 4096 op, 526342700.00 ns, 128.5016 us/op
WorkloadActual  13: 4096 op, 523399100.00 ns, 127.7830 us/op
WorkloadActual  14: 4096 op, 531693200.00 ns, 129.8079 us/op
WorkloadActual  15: 4096 op, 528632700.00 ns, 129.0607 us/op

// AfterActualRun
WorkloadResult   1: 4096 op, 533381600.00 ns, 130.2201 us/op
WorkloadResult   2: 4096 op, 535254200.00 ns, 130.6773 us/op
WorkloadResult   3: 4096 op, 531980700.00 ns, 129.8781 us/op
WorkloadResult   4: 4096 op, 530675300.00 ns, 129.5594 us/op
WorkloadResult   5: 4096 op, 519232200.00 ns, 126.7657 us/op
WorkloadResult   6: 4096 op, 527742000.00 ns, 128.8433 us/op
WorkloadResult   7: 4096 op, 532128600.00 ns, 129.9142 us/op
WorkloadResult   8: 4096 op, 524839000.00 ns, 128.1345 us/op
WorkloadResult   9: 4096 op, 533932800.00 ns, 130.3547 us/op
WorkloadResult  10: 4096 op, 531079700.00 ns, 129.6581 us/op
WorkloadResult  11: 4096 op, 533971800.00 ns, 130.3642 us/op
WorkloadResult  12: 4096 op, 526335000.00 ns, 128.4998 us/op
WorkloadResult  13: 4096 op, 523391400.00 ns, 127.7811 us/op
WorkloadResult  14: 4096 op, 531685500.00 ns, 129.8060 us/op
WorkloadResult  15: 4096 op, 528625000.00 ns, 129.0588 us/op

// AfterAll
// Benchmark Process 10972 has exited with code 0.

Mean = 129.301 μs, StdErr = 0.286 μs (0.22%), N = 15, StdDev = 1.107 μs
Min = 126.766 μs, Q1 = 128.672 μs, Median = 129.658 μs, Q3 = 130.067 μs, Max = 130.677 μs
IQR = 1.396 μs, LowerFence = 126.578 μs, UpperFence = 132.161 μs
ConfidenceInterval = [128.118 μs; 130.484 μs] (CI 99.9%), Margin = 1.183 μs (0.92% of Mean)
Skewness = -0.77, Kurtosis = 2.49, MValue = 2

// ** Remained 0 (0.0%) benchmark(s) to run. Estimated finish 2025-04-23 17:39 (0h 0m from now) **
Successfully reverted power plan (GUID: 381b4222-f694-41f0-9685-ff5bb260df2e FriendlyName: Balanced)
// ***** BenchmarkRunner: Finish  *****

// * Export *
  BenchmarkDotNet.Artifacts\results\QuDeveloperChallenge.Benchmarks.FinderComparisonBenchmark-report.csv
  BenchmarkDotNet.Artifacts\results\QuDeveloperChallenge.Benchmarks.FinderComparisonBenchmark-report-github.md
  BenchmarkDotNet.Artifacts\results\QuDeveloperChallenge.Benchmarks.FinderComparisonBenchmark-report.html

// * Detailed results *
FinderComparisonBenchmark.FindWords: DefaultJob
Runtime = .NET 8.0.13 (8.0.1325.6609), X64 RyuJIT AVX2; GC = Concurrent Workstation
Mean = 382.030 μs, StdErr = 0.500 μs (0.13%), N = 14, StdDev = 1.870 μs
Min = 379.244 μs, Q1 = 380.592 μs, Median = 381.309 μs, Q3 = 383.831 μs, Max = 384.773 μs
IQR = 3.238 μs, LowerFence = 375.735 μs, UpperFence = 388.688 μs
ConfidenceInterval = [379.920 μs; 384.139 μs] (CI 99.9%), Margin = 2.110 μs (0.55% of Mean)
Skewness = 0.25, Kurtosis = 1.4, MValue = 2
-------------------- Histogram --------------------
[378.226 μs ; 385.792 μs) | @@@@@@@@@@@@@@
---------------------------------------------------

FinderComparisonBenchmark.WeakWordFinder_Find: DefaultJob
Runtime = .NET 8.0.13 (8.0.1325.6609), X64 RyuJIT AVX2; GC = Concurrent Workstation
Mean = 129.301 μs, StdErr = 0.286 μs (0.22%), N = 15, StdDev = 1.107 μs
Min = 126.766 μs, Q1 = 128.672 μs, Median = 129.658 μs, Q3 = 130.067 μs, Max = 130.677 μs
IQR = 1.396 μs, LowerFence = 126.578 μs, UpperFence = 132.161 μs
ConfidenceInterval = [128.118 μs; 130.484 μs] (CI 99.9%), Margin = 1.183 μs (0.92% of Mean)
Skewness = -0.77, Kurtosis = 2.49, MValue = 2
-------------------- Histogram --------------------
[126.177 μs ; 131.266 μs) | @@@@@@@@@@@@@@@
---------------------------------------------------

// * Summary *

BenchmarkDotNet v0.14.0, Windows 11 (10.0.26100.3775)
Unknown processor
.NET SDK 9.0.200
  [Host]     : .NET 8.0.13 (8.0.1325.6609), X64 RyuJIT AVX2
  DefaultJob : .NET 8.0.13 (8.0.1325.6609), X64 RyuJIT AVX2


| Method              | Mean     | Error   | StdDev  |
|-------------------- |---------:|--------:|--------:|
| FindWords           | 382.0 μs | 2.11 μs | 1.87 μs |
| WeakWordFinder_Find | 129.3 μs | 1.18 μs | 1.11 μs |

// * Hints *
Outliers
  FinderComparisonBenchmark.FindWords: Default -> 1 outlier  was  removed (389.53 μs)

// * Legends *
  Mean   : Arithmetic mean of all measurements
  Error  : Half of 99.9% confidence interval
  StdDev : Standard deviation of all measurements
  1 μs   : 1 Microsecond (0.000001 sec)

// ***** BenchmarkRunner: End *****
Run time: 00:00:35 (35.83 sec), executed benchmarks: 2

Global total time: 00:00:41 (41.93 sec), executed benchmarks: 2
// * Artifacts cleanup *
Artifacts cleanup is finished
