// Validating benchmarks:
// ***** BenchmarkRunner: Start   *****
// ***** Found 2 benchmark(s) in total *****
// ***** Building 1 exe(s) in Parallel: Start   *****
// start dotnet  restore /p:UseSharedCompilation=false /p:BuildInParallel=false /m:1 /p:Deterministic=true /p:Optimize=true /p:IntermediateOutputPath="C:\Users\danie\source\repos\QuDeveloperChallenge\QuDeveloperChallenge\QuDeveloperChallenge.Benchmarks\bin\Release\net8.0\77625b73-de13-4231-acc3-840141dce8ba\obj\Release\net8.0/" /p:OutDir="C:\Users\danie\source\repos\QuDeveloperChallenge\QuDeveloperChallenge\QuDeveloperChallenge.Benchmarks\bin\Release\net8.0\77625b73-de13-4231-acc3-840141dce8ba\bin\Release\net8.0/" /p:OutputPath="C:\Users\danie\source\repos\QuDeveloperChallenge\QuDeveloperChallenge\QuDeveloperChallenge.Benchmarks\bin\Release\net8.0\77625b73-de13-4231-acc3-840141dce8ba\bin\Release\net8.0/" in C:\Users\danie\source\repos\QuDeveloperChallenge\QuDeveloperChallenge\QuDeveloperChallenge.Benchmarks\bin\Release\net8.0\77625b73-de13-4231-acc3-840141dce8ba
// command took 3.91 sec and exited with 0
// start dotnet  build -c Release --no-restore /p:UseSharedCompilation=false /p:BuildInParallel=false /m:1 /p:Deterministic=true /p:Optimize=true /p:IntermediateOutputPath="C:\Users\danie\source\repos\QuDeveloperChallenge\QuDeveloperChallenge\QuDeveloperChallenge.Benchmarks\bin\Release\net8.0\77625b73-de13-4231-acc3-840141dce8ba\obj\Release\net8.0/" /p:OutDir="C:\Users\danie\source\repos\QuDeveloperChallenge\QuDeveloperChallenge\QuDeveloperChallenge.Benchmarks\bin\Release\net8.0\77625b73-de13-4231-acc3-840141dce8ba\bin\Release\net8.0/" /p:OutputPath="C:\Users\danie\source\repos\QuDeveloperChallenge\QuDeveloperChallenge\QuDeveloperChallenge.Benchmarks\bin\Release\net8.0\77625b73-de13-4231-acc3-840141dce8ba\bin\Release\net8.0/" --output "C:\Users\danie\source\repos\QuDeveloperChallenge\QuDeveloperChallenge\QuDeveloperChallenge.Benchmarks\bin\Release\net8.0\77625b73-de13-4231-acc3-840141dce8ba\bin\Release\net8.0/" in C:\Users\danie\source\repos\QuDeveloperChallenge\QuDeveloperChallenge\QuDeveloperChallenge.Benchmarks\bin\Release\net8.0\77625b73-de13-4231-acc3-840141dce8ba
// command took 9.54 sec and exited with 0
// ***** Done, took 00:00:13 (13.74 sec)   *****
// Found 2 benchmarks:
//   FinderComparisonBenchmark.FindWords: DefaultJob
//   FinderComparisonBenchmark.WeakWordFinder_Find: DefaultJob

Setup power plan (GUID: 8c5e7fda-e8bf-4a96-9a85-a6e23a8c635c FriendlyName: High performance)
// **************************
// Benchmark: FinderComparisonBenchmark.FindWords: DefaultJob
// *** Execute ***
// Launch: 1 / 1
// Execute: dotnet 77625b73-de13-4231-acc3-840141dce8ba.dll --anonymousPipes 1580 1576 --benchmarkName QuDeveloperChallenge.Benchmarks.FinderComparisonBenchmark.FindWords --job Default --benchmarkId 0 in C:\Users\danie\source\repos\QuDeveloperChallenge\QuDeveloperChallenge\QuDeveloperChallenge.Benchmarks\bin\Release\net8.0\77625b73-de13-4231-acc3-840141dce8ba\bin\Release\net8.0
// BeforeAnythingElse

// Benchmark Process Environment Information:
// BenchmarkDotNet v0.14.0
// Runtime=.NET 8.0.13 (8.0.1325.6609), X64 RyuJIT AVX2
// GC=Concurrent Workstation
// HardwareIntrinsics=AVX2,AES,BMI1,BMI2,FMA,LZCNT,PCLMUL,POPCNT,AvxVnni,SERIALIZE VectorSize=256
// Job: DefaultJob

OverheadJitting  1: 1 op, 121400.00 ns, 121.4000 us/op
WorkloadJitting  1: 1 op, 3446800.00 ns, 3.4468 ms/op

OverheadJitting  2: 16 op, 153800.00 ns, 9.6125 us/op
WorkloadJitting  2: 16 op, 5779600.00 ns, 361.2250 us/op

WorkloadPilot    1: 16 op, 2678100.00 ns, 167.3813 us/op
WorkloadPilot    2: 32 op, 4997400.00 ns, 156.1688 us/op
WorkloadPilot    3: 64 op, 9839200.00 ns, 153.7375 us/op
WorkloadPilot    4: 128 op, 19306500.00 ns, 150.8320 us/op
WorkloadPilot    5: 256 op, 35279800.00 ns, 137.8117 us/op
WorkloadPilot    6: 512 op, 72613800.00 ns, 141.8238 us/op
WorkloadPilot    7: 1024 op, 199615400.00 ns, 194.9369 us/op
WorkloadPilot    8: 2048 op, 355004900.00 ns, 173.3422 us/op
WorkloadPilot    9: 4096 op, 411742700.00 ns, 100.5231 us/op
WorkloadPilot   10: 8192 op, 834489700.00 ns, 101.8664 us/op

OverheadWarmup   1: 8192 op, 16500.00 ns, 2.0142 ns/op
OverheadWarmup   2: 8192 op, 15800.00 ns, 1.9287 ns/op
OverheadWarmup   3: 8192 op, 17500.00 ns, 2.1362 ns/op
OverheadWarmup   4: 8192 op, 17900.00 ns, 2.1851 ns/op
OverheadWarmup   5: 8192 op, 20600.00 ns, 2.5146 ns/op
OverheadWarmup   6: 8192 op, 15700.00 ns, 1.9165 ns/op
OverheadWarmup   7: 8192 op, 15900.00 ns, 1.9409 ns/op
OverheadWarmup   8: 8192 op, 17000.00 ns, 2.0752 ns/op
OverheadWarmup   9: 8192 op, 19300.00 ns, 2.3560 ns/op
OverheadWarmup  10: 8192 op, 18700.00 ns, 2.2827 ns/op

OverheadActual   1: 8192 op, 17200.00 ns, 2.0996 ns/op
OverheadActual   2: 8192 op, 14000.00 ns, 1.7090 ns/op
OverheadActual   3: 8192 op, 19600.00 ns, 2.3926 ns/op
OverheadActual   4: 8192 op, 19400.00 ns, 2.3682 ns/op
OverheadActual   5: 8192 op, 17100.00 ns, 2.0874 ns/op
OverheadActual   6: 8192 op, 15400.00 ns, 1.8799 ns/op
OverheadActual   7: 8192 op, 17600.00 ns, 2.1484 ns/op
OverheadActual   8: 8192 op, 15300.00 ns, 1.8677 ns/op
OverheadActual   9: 8192 op, 17100.00 ns, 2.0874 ns/op
OverheadActual  10: 8192 op, 18300.00 ns, 2.2339 ns/op
OverheadActual  11: 8192 op, 14300.00 ns, 1.7456 ns/op
OverheadActual  12: 8192 op, 15700.00 ns, 1.9165 ns/op
OverheadActual  13: 8192 op, 17100.00 ns, 2.0874 ns/op
OverheadActual  14: 8192 op, 24500.00 ns, 2.9907 ns/op
OverheadActual  15: 8192 op, 19700.00 ns, 2.4048 ns/op
OverheadActual  16: 8192 op, 20200.00 ns, 2.4658 ns/op
OverheadActual  17: 8192 op, 17300.00 ns, 2.1118 ns/op
OverheadActual  18: 8192 op, 18800.00 ns, 2.2949 ns/op
OverheadActual  19: 8192 op, 18300.00 ns, 2.2339 ns/op
OverheadActual  20: 8192 op, 18300.00 ns, 2.2339 ns/op

WorkloadWarmup   1: 8192 op, 832104200.00 ns, 101.5752 us/op
WorkloadWarmup   2: 8192 op, 816452800.00 ns, 99.6646 us/op
WorkloadWarmup   3: 8192 op, 822623000.00 ns, 100.4178 us/op
WorkloadWarmup   4: 8192 op, 817045700.00 ns, 99.7370 us/op
WorkloadWarmup   5: 8192 op, 831457800.00 ns, 101.4963 us/op
WorkloadWarmup   6: 8192 op, 833031100.00 ns, 101.6884 us/op
WorkloadWarmup   7: 8192 op, 829923400.00 ns, 101.3090 us/op

// BeforeActualRun
WorkloadActual   1: 8192 op, 829569000.00 ns, 101.2657 us/op
WorkloadActual   2: 8192 op, 828830100.00 ns, 101.1755 us/op
WorkloadActual   3: 8192 op, 815655000.00 ns, 99.5673 us/op
WorkloadActual   4: 8192 op, 818311200.00 ns, 99.8915 us/op
WorkloadActual   5: 8192 op, 822501400.00 ns, 100.4030 us/op
WorkloadActual   6: 8192 op, 831049000.00 ns, 101.4464 us/op
WorkloadActual   7: 8192 op, 817161100.00 ns, 99.7511 us/op
WorkloadActual   8: 8192 op, 821320000.00 ns, 100.2588 us/op
WorkloadActual   9: 8192 op, 827881100.00 ns, 101.0597 us/op
WorkloadActual  10: 8192 op, 829573800.00 ns, 101.2663 us/op
WorkloadActual  11: 8192 op, 830211800.00 ns, 101.3442 us/op
WorkloadActual  12: 8192 op, 819562500.00 ns, 100.0443 us/op
WorkloadActual  13: 8192 op, 817882600.00 ns, 99.8392 us/op
WorkloadActual  14: 8192 op, 821352100.00 ns, 100.2627 us/op
WorkloadActual  15: 8192 op, 836517400.00 ns, 102.1139 us/op

// AfterActualRun
WorkloadResult   1: 8192 op, 829551550.00 ns, 101.2636 us/op
WorkloadResult   2: 8192 op, 828812650.00 ns, 101.1734 us/op
WorkloadResult   3: 8192 op, 815637550.00 ns, 99.5651 us/op
WorkloadResult   4: 8192 op, 818293750.00 ns, 99.8894 us/op
WorkloadResult   5: 8192 op, 822483950.00 ns, 100.4009 us/op
WorkloadResult   6: 8192 op, 831031550.00 ns, 101.4443 us/op
WorkloadResult   7: 8192 op, 817143650.00 ns, 99.7490 us/op
WorkloadResult   8: 8192 op, 821302550.00 ns, 100.2567 us/op
WorkloadResult   9: 8192 op, 827863650.00 ns, 101.0576 us/op
WorkloadResult  10: 8192 op, 829556350.00 ns, 101.2642 us/op
WorkloadResult  11: 8192 op, 830194350.00 ns, 101.3421 us/op
WorkloadResult  12: 8192 op, 819545050.00 ns, 100.0421 us/op
WorkloadResult  13: 8192 op, 817865150.00 ns, 99.8371 us/op
WorkloadResult  14: 8192 op, 821334650.00 ns, 100.2606 us/op
WorkloadResult  15: 8192 op, 836499950.00 ns, 102.1118 us/op
// GC:  0 0 0 8520080 8192
// Threading:  0 0 8192

// AfterAll
// Benchmark Process 17632 has exited with code 0.

Mean = 100.644 μs, StdErr = 0.200 μs (0.20%), N = 15, StdDev = 0.775 μs
Min = 99.565 μs, Q1 = 99.966 μs, Median = 100.401 μs, Q3 = 101.264 μs, Max = 102.112 μs
IQR = 1.298 μs, LowerFence = 98.019 μs, UpperFence = 103.211 μs
ConfidenceInterval = [99.815 μs; 101.472 μs] (CI 99.9%), Margin = 0.828 μs (0.82% of Mean)
Skewness = 0.21, Kurtosis = 1.59, MValue = 2

// ** Remained 1 (50.0%) benchmark(s) to run. Estimated finish 2025-04-23 23:02 (0h 0m from now) **
Setup power plan (GUID: 8c5e7fda-e8bf-4a96-9a85-a6e23a8c635c FriendlyName: High performance)
// **************************
// Benchmark: FinderComparisonBenchmark.WeakWordFinder_Find: DefaultJob
// *** Execute ***
// Launch: 1 / 1
// Execute: dotnet 77625b73-de13-4231-acc3-840141dce8ba.dll --anonymousPipes 820 1592 --benchmarkName QuDeveloperChallenge.Benchmarks.FinderComparisonBenchmark.WeakWordFinder_Find --job Default --benchmarkId 1 in C:\Users\danie\source\repos\QuDeveloperChallenge\QuDeveloperChallenge\QuDeveloperChallenge.Benchmarks\bin\Release\net8.0\77625b73-de13-4231-acc3-840141dce8ba\bin\Release\net8.0
// BeforeAnythingElse

// Benchmark Process Environment Information:
// BenchmarkDotNet v0.14.0
// Runtime=.NET 8.0.13 (8.0.1325.6609), X64 RyuJIT AVX2
// GC=Concurrent Workstation
// HardwareIntrinsics=AVX2,AES,BMI1,BMI2,FMA,LZCNT,PCLMUL,POPCNT,AvxVnni,SERIALIZE VectorSize=256
// Job: DefaultJob

OverheadJitting  1: 1 op, 115800.00 ns, 115.8000 us/op
WorkloadJitting  1: 1 op, 4950400.00 ns, 4.9504 ms/op

OverheadJitting  2: 16 op, 133400.00 ns, 8.3375 us/op
WorkloadJitting  2: 16 op, 4673000.00 ns, 292.0625 us/op

WorkloadPilot    1: 16 op, 3068000.00 ns, 191.7500 us/op
WorkloadPilot    2: 32 op, 5978800.00 ns, 186.8375 us/op
WorkloadPilot    3: 64 op, 10937300.00 ns, 170.8953 us/op
WorkloadPilot    4: 128 op, 23047300.00 ns, 180.0570 us/op
WorkloadPilot    5: 256 op, 44023600.00 ns, 171.9672 us/op
WorkloadPilot    6: 512 op, 95479800.00 ns, 186.4840 us/op
WorkloadPilot    7: 1024 op, 394457500.00 ns, 385.2124 us/op
WorkloadPilot    8: 2048 op, 269145200.00 ns, 131.4186 us/op
WorkloadPilot    9: 4096 op, 516374900.00 ns, 126.0681 us/op

OverheadWarmup   1: 4096 op, 9000.00 ns, 2.1973 ns/op
OverheadWarmup   2: 4096 op, 9100.00 ns, 2.2217 ns/op
OverheadWarmup   3: 4096 op, 6900.00 ns, 1.6846 ns/op
OverheadWarmup   4: 4096 op, 8000.00 ns, 1.9531 ns/op
OverheadWarmup   5: 4096 op, 7400.00 ns, 1.8066 ns/op

OverheadActual   1: 4096 op, 7300.00 ns, 1.7822 ns/op
OverheadActual   2: 4096 op, 7900.00 ns, 1.9287 ns/op
OverheadActual   3: 4096 op, 6900.00 ns, 1.6846 ns/op
OverheadActual   4: 4096 op, 7800.00 ns, 1.9043 ns/op
OverheadActual   5: 4096 op, 7900.00 ns, 1.9287 ns/op
OverheadActual   6: 4096 op, 7900.00 ns, 1.9287 ns/op
OverheadActual   7: 4096 op, 7800.00 ns, 1.9043 ns/op
OverheadActual   8: 4096 op, 7900.00 ns, 1.9287 ns/op
OverheadActual   9: 4096 op, 9000.00 ns, 2.1973 ns/op
OverheadActual  10: 4096 op, 8900.00 ns, 2.1729 ns/op
OverheadActual  11: 4096 op, 8900.00 ns, 2.1729 ns/op
OverheadActual  12: 4096 op, 9100.00 ns, 2.2217 ns/op
OverheadActual  13: 4096 op, 8800.00 ns, 2.1484 ns/op
OverheadActual  14: 4096 op, 7700.00 ns, 1.8799 ns/op
OverheadActual  15: 4096 op, 7600.00 ns, 1.8555 ns/op
OverheadActual  16: 4096 op, 7700.00 ns, 1.8799 ns/op
OverheadActual  17: 4096 op, 7700.00 ns, 1.8799 ns/op
OverheadActual  18: 4096 op, 7100.00 ns, 1.7334 ns/op
OverheadActual  19: 4096 op, 6900.00 ns, 1.6846 ns/op
OverheadActual  20: 4096 op, 7000.00 ns, 1.7090 ns/op

WorkloadWarmup   1: 4096 op, 515899600.00 ns, 125.9521 us/op
WorkloadWarmup   2: 4096 op, 509400800.00 ns, 124.3654 us/op
WorkloadWarmup   3: 4096 op, 507659500.00 ns, 123.9403 us/op
WorkloadWarmup   4: 4096 op, 523855900.00 ns, 127.8945 us/op
WorkloadWarmup   5: 4096 op, 530706300.00 ns, 129.5670 us/op
WorkloadWarmup   6: 4096 op, 521201300.00 ns, 127.2464 us/op
WorkloadWarmup   7: 4096 op, 511654100.00 ns, 124.9156 us/op
WorkloadWarmup   8: 4096 op, 539708600.00 ns, 131.7648 us/op
WorkloadWarmup   9: 4096 op, 522476300.00 ns, 127.5577 us/op

// BeforeActualRun
WorkloadActual   1: 4096 op, 525595000.00 ns, 128.3191 us/op
WorkloadActual   2: 4096 op, 522584300.00 ns, 127.5841 us/op
WorkloadActual   3: 4096 op, 517048900.00 ns, 126.2326 us/op
WorkloadActual   4: 4096 op, 516765800.00 ns, 126.1635 us/op
WorkloadActual   5: 4096 op, 514567400.00 ns, 125.6268 us/op
WorkloadActual   6: 4096 op, 524259900.00 ns, 127.9931 us/op
WorkloadActual   7: 4096 op, 539071600.00 ns, 131.6093 us/op
WorkloadActual   8: 4096 op, 527555100.00 ns, 128.7976 us/op
WorkloadActual   9: 4096 op, 524112700.00 ns, 127.9572 us/op
WorkloadActual  10: 4096 op, 521902000.00 ns, 127.4175 us/op
WorkloadActual  11: 4096 op, 515874800.00 ns, 125.9460 us/op
WorkloadActual  12: 4096 op, 520393600.00 ns, 127.0492 us/op
WorkloadActual  13: 4096 op, 525035700.00 ns, 128.1825 us/op
WorkloadActual  14: 4096 op, 529344500.00 ns, 129.2345 us/op
WorkloadActual  15: 4096 op, 525305900.00 ns, 128.2485 us/op

// AfterActualRun
WorkloadResult   1: 4096 op, 525587200.00 ns, 128.3172 us/op
WorkloadResult   2: 4096 op, 522576500.00 ns, 127.5822 us/op
WorkloadResult   3: 4096 op, 517041100.00 ns, 126.2307 us/op
WorkloadResult   4: 4096 op, 516758000.00 ns, 126.1616 us/op
WorkloadResult   5: 4096 op, 514559600.00 ns, 125.6249 us/op
WorkloadResult   6: 4096 op, 524252100.00 ns, 127.9912 us/op
WorkloadResult   7: 4096 op, 527547300.00 ns, 128.7957 us/op
WorkloadResult   8: 4096 op, 524104900.00 ns, 127.9553 us/op
WorkloadResult   9: 4096 op, 521894200.00 ns, 127.4156 us/op
WorkloadResult  10: 4096 op, 515867000.00 ns, 125.9441 us/op
WorkloadResult  11: 4096 op, 520385800.00 ns, 127.0473 us/op
WorkloadResult  12: 4096 op, 525027900.00 ns, 128.1806 us/op
WorkloadResult  13: 4096 op, 529336700.00 ns, 129.2326 us/op
WorkloadResult  14: 4096 op, 525298100.00 ns, 128.2466 us/op
// GC:  0 0 0 7733648 4096
// Threading:  0 0 4096

// AfterAll
// Benchmark Process 34604 has exited with code 0.

Mean = 127.480 μs, StdErr = 0.300 μs (0.24%), N = 14, StdDev = 1.122 μs
Min = 125.625 μs, Q1 = 126.435 μs, Median = 127.769 μs, Q3 = 128.230 μs, Max = 129.233 μs
IQR = 1.795 μs, LowerFence = 123.742 μs, UpperFence = 130.923 μs
ConfidenceInterval = [126.215 μs; 128.746 μs] (CI 99.9%), Margin = 1.266 μs (0.99% of Mean)
Skewness = -0.26, Kurtosis = 1.65, MValue = 2

// ** Remained 0 (0.0%) benchmark(s) to run. Estimated finish 2025-04-23 23:02 (0h 0m from now) **
Successfully reverted power plan (GUID: 381b4222-f694-41f0-9685-ff5bb260df2e FriendlyName: Balanced)
// ***** BenchmarkRunner: Finish  *****

// * Export *
  BenchmarkDotNet.Artifacts\results\QuDeveloperChallenge.Benchmarks.FinderComparisonBenchmark-report.csv
  BenchmarkDotNet.Artifacts\results\QuDeveloperChallenge.Benchmarks.FinderComparisonBenchmark-report-github.md
  BenchmarkDotNet.Artifacts\results\QuDeveloperChallenge.Benchmarks.FinderComparisonBenchmark-report.html

// * Detailed results *
FinderComparisonBenchmark.FindWords: DefaultJob
Runtime = .NET 8.0.13 (8.0.1325.6609), X64 RyuJIT AVX2; GC = Concurrent Workstation
Mean = 100.644 μs, StdErr = 0.200 μs (0.20%), N = 15, StdDev = 0.775 μs
Min = 99.565 μs, Q1 = 99.966 μs, Median = 100.401 μs, Q3 = 101.264 μs, Max = 102.112 μs
IQR = 1.298 μs, LowerFence = 98.019 μs, UpperFence = 103.211 μs
ConfidenceInterval = [99.815 μs; 101.472 μs] (CI 99.9%), Margin = 0.828 μs (0.82% of Mean)
Skewness = 0.21, Kurtosis = 1.59, MValue = 2
-------------------- Histogram --------------------
[99.153 μs ; 102.524 μs) | @@@@@@@@@@@@@@@
---------------------------------------------------

FinderComparisonBenchmark.WeakWordFinder_Find: DefaultJob
Runtime = .NET 8.0.13 (8.0.1325.6609), X64 RyuJIT AVX2; GC = Concurrent Workstation
Mean = 127.480 μs, StdErr = 0.300 μs (0.24%), N = 14, StdDev = 1.122 μs
Min = 125.625 μs, Q1 = 126.435 μs, Median = 127.769 μs, Q3 = 128.230 μs, Max = 129.233 μs
IQR = 1.795 μs, LowerFence = 123.742 μs, UpperFence = 130.923 μs
ConfidenceInterval = [126.215 μs; 128.746 μs] (CI 99.9%), Margin = 1.266 μs (0.99% of Mean)
Skewness = -0.26, Kurtosis = 1.65, MValue = 2
-------------------- Histogram --------------------
[125.014 μs ; 129.844 μs) | @@@@@@@@@@@@@@
---------------------------------------------------

// * Summary *

BenchmarkDotNet v0.14.0, Windows 11 (10.0.26100.3775)
Unknown processor
.NET SDK 9.0.200
  [Host]     : .NET 8.0.13 (8.0.1325.6609), X64 RyuJIT AVX2
  DefaultJob : .NET 8.0.13 (8.0.1325.6609), X64 RyuJIT AVX2


| Method              | Mean     | Error   | StdDev  | Allocated |
|-------------------- |---------:|--------:|--------:|----------:|
| FindWords           | 100.6 μs | 0.83 μs | 0.77 μs |   1.02 KB |
| WeakWordFinder_Find | 127.5 μs | 1.27 μs | 1.12 μs |   1.84 KB |

// * Hints *
Outliers
  FinderComparisonBenchmark.WeakWordFinder_Find: Default -> 1 outlier  was  removed (131.61 μs)

// * Legends *
  Mean      : Arithmetic mean of all measurements
  Error     : Half of 99.9% confidence interval
  StdDev    : Standard deviation of all measurements
  Allocated : Allocated memory per single operation (managed only, inclusive, 1KB = 1024B)
  1 μs      : 1 Microsecond (0.000001 sec)

// * Diagnostic Output - MemoryDiagnoser *


// ***** BenchmarkRunner: End *****
Run time: 00:00:36 (36.95 sec), executed benchmarks: 2

Global total time: 00:00:51 (51.11 sec), executed benchmarks: 2
// * Artifacts cleanup *
Artifacts cleanup is finished
