// Validating benchmarks:
// ***** BenchmarkRunner: Start   *****
// ***** Found 2 benchmark(s) in total *****
// ***** Building 1 exe(s) in Parallel: Start   *****
// start dotnet  restore /p:UseSharedCompilation=false /p:BuildInParallel=false /m:1 /p:Deterministic=true /p:Optimize=true /p:IntermediateOutputPath="C:\Users\danie\source\repos\QuDeveloperChallenge\QuDeveloperChallenge\QuDeveloperChallenge.Benchmarks\bin\Release\net8.0\bbf5460a-f5d8-4147-bcc1-965658146e33\obj\Release\net8.0/" /p:OutDir="C:\Users\danie\source\repos\QuDeveloperChallenge\QuDeveloperChallenge\QuDeveloperChallenge.Benchmarks\bin\Release\net8.0\bbf5460a-f5d8-4147-bcc1-965658146e33\bin\Release\net8.0/" /p:OutputPath="C:\Users\danie\source\repos\QuDeveloperChallenge\QuDeveloperChallenge\QuDeveloperChallenge.Benchmarks\bin\Release\net8.0\bbf5460a-f5d8-4147-bcc1-965658146e33\bin\Release\net8.0/" in C:\Users\danie\source\repos\QuDeveloperChallenge\QuDeveloperChallenge\QuDeveloperChallenge.Benchmarks\bin\Release\net8.0\bbf5460a-f5d8-4147-bcc1-965658146e33
// command took 0.73 sec and exited with 0
// start dotnet  build -c Release --no-restore /p:UseSharedCompilation=false /p:BuildInParallel=false /m:1 /p:Deterministic=true /p:Optimize=true /p:IntermediateOutputPath="C:\Users\danie\source\repos\QuDeveloperChallenge\QuDeveloperChallenge\QuDeveloperChallenge.Benchmarks\bin\Release\net8.0\bbf5460a-f5d8-4147-bcc1-965658146e33\obj\Release\net8.0/" /p:OutDir="C:\Users\danie\source\repos\QuDeveloperChallenge\QuDeveloperChallenge\QuDeveloperChallenge.Benchmarks\bin\Release\net8.0\bbf5460a-f5d8-4147-bcc1-965658146e33\bin\Release\net8.0/" /p:OutputPath="C:\Users\danie\source\repos\QuDeveloperChallenge\QuDeveloperChallenge\QuDeveloperChallenge.Benchmarks\bin\Release\net8.0\bbf5460a-f5d8-4147-bcc1-965658146e33\bin\Release\net8.0/" --output "C:\Users\danie\source\repos\QuDeveloperChallenge\QuDeveloperChallenge\QuDeveloperChallenge.Benchmarks\bin\Release\net8.0\bbf5460a-f5d8-4147-bcc1-965658146e33\bin\Release\net8.0/" in C:\Users\danie\source\repos\QuDeveloperChallenge\QuDeveloperChallenge\QuDeveloperChallenge.Benchmarks\bin\Release\net8.0\bbf5460a-f5d8-4147-bcc1-965658146e33
// command took 4.34 sec and exited with 0
// ***** Done, took 00:00:05 (5.14 sec)   *****
// Found 2 benchmarks:
//   FinderComparisonBenchmark.FindWords: DefaultJob
//   FinderComparisonBenchmark.WeakWordFinder_Find: DefaultJob

Setup power plan (GUID: 8c5e7fda-e8bf-4a96-9a85-a6e23a8c635c FriendlyName: High performance)
// **************************
// Benchmark: FinderComparisonBenchmark.FindWords: DefaultJob
// *** Execute ***
// Launch: 1 / 1
// Execute: dotnet bbf5460a-f5d8-4147-bcc1-965658146e33.dll --anonymousPipes 1468 1464 --benchmarkName QuDeveloperChallenge.Benchmarks.FinderComparisonBenchmark.FindWords --job Default --benchmarkId 0 in C:\Users\danie\source\repos\QuDeveloperChallenge\QuDeveloperChallenge\QuDeveloperChallenge.Benchmarks\bin\Release\net8.0\bbf5460a-f5d8-4147-bcc1-965658146e33\bin\Release\net8.0
// BeforeAnythingElse

// Benchmark Process Environment Information:
// BenchmarkDotNet v0.14.0
// Runtime=.NET 8.0.13 (8.0.1325.6609), X64 RyuJIT AVX2
// GC=Concurrent Workstation
// HardwareIntrinsics=AVX2,AES,BMI1,BMI2,FMA,LZCNT,PCLMUL,POPCNT,AvxVnni,SERIALIZE VectorSize=256
// Job: DefaultJob

OverheadJitting  1: 1 op, 101600.00 ns, 101.6000 us/op
WorkloadJitting  1: 1 op, 3563100.00 ns, 3.5631 ms/op

OverheadJitting  2: 16 op, 94400.00 ns, 5.9000 us/op
WorkloadJitting  2: 16 op, 15084200.00 ns, 942.7625 us/op

WorkloadPilot    1: 16 op, 9082300.00 ns, 567.6438 us/op
WorkloadPilot    2: 32 op, 18780500.00 ns, 586.8906 us/op
WorkloadPilot    3: 64 op, 34933900.00 ns, 545.8422 us/op
WorkloadPilot    4: 128 op, 69933200.00 ns, 546.3531 us/op
WorkloadPilot    5: 256 op, 144289600.00 ns, 563.6313 us/op
WorkloadPilot    6: 512 op, 261164300.00 ns, 510.0865 us/op
WorkloadPilot    7: 1024 op, 402325000.00 ns, 392.8955 us/op
WorkloadPilot    8: 2048 op, 794852600.00 ns, 388.1116 us/op

OverheadWarmup   1: 2048 op, 4900.00 ns, 2.3926 ns/op
OverheadWarmup   2: 2048 op, 4100.00 ns, 2.0020 ns/op
OverheadWarmup   3: 2048 op, 4000.00 ns, 1.9531 ns/op
OverheadWarmup   4: 2048 op, 3700.00 ns, 1.8066 ns/op
OverheadWarmup   5: 2048 op, 3700.00 ns, 1.8066 ns/op
OverheadWarmup   6: 2048 op, 4100.00 ns, 2.0020 ns/op
OverheadWarmup   7: 2048 op, 4000.00 ns, 1.9531 ns/op
OverheadWarmup   8: 2048 op, 4000.00 ns, 1.9531 ns/op

OverheadActual   1: 2048 op, 3800.00 ns, 1.8555 ns/op
OverheadActual   2: 2048 op, 3700.00 ns, 1.8066 ns/op
OverheadActual   3: 2048 op, 3700.00 ns, 1.8066 ns/op
OverheadActual   4: 2048 op, 3700.00 ns, 1.8066 ns/op
OverheadActual   5: 2048 op, 4100.00 ns, 2.0020 ns/op
OverheadActual   6: 2048 op, 4000.00 ns, 1.9531 ns/op
OverheadActual   7: 2048 op, 4000.00 ns, 1.9531 ns/op
OverheadActual   8: 2048 op, 4100.00 ns, 2.0020 ns/op
OverheadActual   9: 2048 op, 4100.00 ns, 2.0020 ns/op
OverheadActual  10: 2048 op, 4100.00 ns, 2.0020 ns/op
OverheadActual  11: 2048 op, 4100.00 ns, 2.0020 ns/op
OverheadActual  12: 2048 op, 4000.00 ns, 1.9531 ns/op
OverheadActual  13: 2048 op, 4200.00 ns, 2.0508 ns/op
OverheadActual  14: 2048 op, 4200.00 ns, 2.0508 ns/op
OverheadActual  15: 2048 op, 4000.00 ns, 1.9531 ns/op

WorkloadWarmup   1: 2048 op, 788142000.00 ns, 384.8350 us/op
WorkloadWarmup   2: 2048 op, 784946700.00 ns, 383.2748 us/op
WorkloadWarmup   3: 2048 op, 787291800.00 ns, 384.4198 us/op
WorkloadWarmup   4: 2048 op, 785760100.00 ns, 383.6719 us/op
WorkloadWarmup   5: 2048 op, 784919500.00 ns, 383.2615 us/op
WorkloadWarmup   6: 2048 op, 783601300.00 ns, 382.6178 us/op
WorkloadWarmup   7: 2048 op, 776165100.00 ns, 378.9869 us/op
WorkloadWarmup   8: 2048 op, 774350700.00 ns, 378.1009 us/op
WorkloadWarmup   9: 2048 op, 776790400.00 ns, 379.2922 us/op
WorkloadWarmup  10: 2048 op, 789739000.00 ns, 385.6147 us/op
WorkloadWarmup  11: 2048 op, 789220000.00 ns, 385.3613 us/op

// BeforeActualRun
WorkloadActual   1: 2048 op, 776898400.00 ns, 379.3449 us/op
WorkloadActual   2: 2048 op, 772960700.00 ns, 377.4222 us/op
WorkloadActual   3: 2048 op, 783029800.00 ns, 382.3388 us/op
WorkloadActual   4: 2048 op, 777719100.00 ns, 379.7457 us/op
WorkloadActual   5: 2048 op, 786426000.00 ns, 383.9971 us/op
WorkloadActual   6: 2048 op, 791814000.00 ns, 386.6279 us/op
WorkloadActual   7: 2048 op, 777160300.00 ns, 379.4728 us/op
WorkloadActual   8: 2048 op, 779737300.00 ns, 380.7311 us/op
WorkloadActual   9: 2048 op, 789634600.00 ns, 385.5638 us/op
WorkloadActual  10: 2048 op, 784639900.00 ns, 383.1250 us/op
WorkloadActual  11: 2048 op, 780754900.00 ns, 381.2280 us/op
WorkloadActual  12: 2048 op, 790350300.00 ns, 385.9132 us/op
WorkloadActual  13: 2048 op, 778467200.00 ns, 380.1109 us/op
WorkloadActual  14: 2048 op, 784613300.00 ns, 383.1120 us/op
WorkloadActual  15: 2048 op, 782799400.00 ns, 382.2263 us/op

// AfterActualRun
WorkloadResult   1: 2048 op, 776894400.00 ns, 379.3430 us/op
WorkloadResult   2: 2048 op, 772956700.00 ns, 377.4203 us/op
WorkloadResult   3: 2048 op, 783025800.00 ns, 382.3368 us/op
WorkloadResult   4: 2048 op, 777715100.00 ns, 379.7437 us/op
WorkloadResult   5: 2048 op, 786422000.00 ns, 383.9951 us/op
WorkloadResult   6: 2048 op, 791810000.00 ns, 386.6260 us/op
WorkloadResult   7: 2048 op, 777156300.00 ns, 379.4708 us/op
WorkloadResult   8: 2048 op, 779733300.00 ns, 380.7292 us/op
WorkloadResult   9: 2048 op, 789630600.00 ns, 385.5618 us/op
WorkloadResult  10: 2048 op, 784635900.00 ns, 383.1230 us/op
WorkloadResult  11: 2048 op, 780750900.00 ns, 381.2260 us/op
WorkloadResult  12: 2048 op, 790346300.00 ns, 385.9113 us/op
WorkloadResult  13: 2048 op, 778463200.00 ns, 380.1090 us/op
WorkloadResult  14: 2048 op, 784609300.00 ns, 383.1100 us/op
WorkloadResult  15: 2048 op, 782795400.00 ns, 382.2243 us/op
// GC:  49 0 0 923337104 2048
// Threading:  0 0 2048

// AfterAll
// Benchmark Process 28164 has exited with code 0.

Mean = 382.062 μs, StdErr = 0.694 μs (0.18%), N = 15, StdDev = 2.690 μs
Min = 377.420 μs, Q1 = 379.926 μs, Median = 382.224 μs, Q3 = 383.559 μs, Max = 386.626 μs
IQR = 3.633 μs, LowerFence = 374.477 μs, UpperFence = 389.008 μs
ConfidenceInterval = [379.187 μs; 384.937 μs] (CI 99.9%), Margin = 2.875 μs (0.75% of Mean)
Skewness = 0.15, Kurtosis = 1.82, MValue = 2

// ** Remained 1 (50.0%) benchmark(s) to run. Estimated finish 2025-04-23 17:59 (0h 0m from now) **
Setup power plan (GUID: 8c5e7fda-e8bf-4a96-9a85-a6e23a8c635c FriendlyName: High performance)
// **************************
// Benchmark: FinderComparisonBenchmark.WeakWordFinder_Find: DefaultJob
// *** Execute ***
// Launch: 1 / 1
// Execute: dotnet bbf5460a-f5d8-4147-bcc1-965658146e33.dll --anonymousPipes 1516 1484 --benchmarkName QuDeveloperChallenge.Benchmarks.FinderComparisonBenchmark.WeakWordFinder_Find --job Default --benchmarkId 1 in C:\Users\danie\source\repos\QuDeveloperChallenge\QuDeveloperChallenge\QuDeveloperChallenge.Benchmarks\bin\Release\net8.0\bbf5460a-f5d8-4147-bcc1-965658146e33\bin\Release\net8.0
// BeforeAnythingElse

// Benchmark Process Environment Information:
// BenchmarkDotNet v0.14.0
// Runtime=.NET 8.0.13 (8.0.1325.6609), X64 RyuJIT AVX2
// GC=Concurrent Workstation
// HardwareIntrinsics=AVX2,AES,BMI1,BMI2,FMA,LZCNT,PCLMUL,POPCNT,AvxVnni,SERIALIZE VectorSize=256
// Job: DefaultJob

OverheadJitting  1: 1 op, 104900.00 ns, 104.9000 us/op
WorkloadJitting  1: 1 op, 4873300.00 ns, 4.8733 ms/op

OverheadJitting  2: 16 op, 122100.00 ns, 7.6313 us/op
WorkloadJitting  2: 16 op, 3869600.00 ns, 241.8500 us/op

WorkloadPilot    1: 16 op, 2653700.00 ns, 165.8563 us/op
WorkloadPilot    2: 32 op, 5103100.00 ns, 159.4719 us/op
WorkloadPilot    3: 64 op, 10584900.00 ns, 165.3891 us/op
WorkloadPilot    4: 128 op, 23065000.00 ns, 180.1953 us/op
WorkloadPilot    5: 256 op, 42029100.00 ns, 164.1762 us/op
WorkloadPilot    6: 512 op, 87563100.00 ns, 171.0217 us/op
WorkloadPilot    7: 1024 op, 367912500.00 ns, 359.2896 us/op
WorkloadPilot    8: 2048 op, 296892500.00 ns, 144.9670 us/op
WorkloadPilot    9: 4096 op, 538988200.00 ns, 131.5889 us/op

OverheadWarmup   1: 4096 op, 12400.00 ns, 3.0273 ns/op
OverheadWarmup   2: 4096 op, 32900.00 ns, 8.0322 ns/op
OverheadWarmup   3: 4096 op, 7800.00 ns, 1.9043 ns/op
OverheadWarmup   4: 4096 op, 7800.00 ns, 1.9043 ns/op
OverheadWarmup   5: 4096 op, 8700.00 ns, 2.1240 ns/op

OverheadActual   1: 4096 op, 7100.00 ns, 1.7334 ns/op
OverheadActual   2: 4096 op, 7700.00 ns, 1.8799 ns/op
OverheadActual   3: 4096 op, 7800.00 ns, 1.9043 ns/op
OverheadActual   4: 4096 op, 6900.00 ns, 1.6846 ns/op
OverheadActual   5: 4096 op, 7000.00 ns, 1.7090 ns/op
OverheadActual   6: 4096 op, 7000.00 ns, 1.7090 ns/op
OverheadActual   7: 4096 op, 7100.00 ns, 1.7334 ns/op
OverheadActual   8: 4096 op, 7100.00 ns, 1.7334 ns/op
OverheadActual   9: 4096 op, 7100.00 ns, 1.7334 ns/op
OverheadActual  10: 4096 op, 7100.00 ns, 1.7334 ns/op
OverheadActual  11: 4096 op, 7100.00 ns, 1.7334 ns/op
OverheadActual  12: 4096 op, 7300.00 ns, 1.7822 ns/op
OverheadActual  13: 4096 op, 7000.00 ns, 1.7090 ns/op
OverheadActual  14: 4096 op, 7000.00 ns, 1.7090 ns/op
OverheadActual  15: 4096 op, 7200.00 ns, 1.7578 ns/op

WorkloadWarmup   1: 4096 op, 566771500.00 ns, 138.3719 us/op
WorkloadWarmup   2: 4096 op, 545956900.00 ns, 133.2903 us/op
WorkloadWarmup   3: 4096 op, 534364100.00 ns, 130.4600 us/op
WorkloadWarmup   4: 4096 op, 526905700.00 ns, 128.6391 us/op
WorkloadWarmup   5: 4096 op, 531635200.00 ns, 129.7938 us/op
WorkloadWarmup   6: 4096 op, 536435900.00 ns, 130.9658 us/op
WorkloadWarmup   7: 4096 op, 540142000.00 ns, 131.8706 us/op
WorkloadWarmup   8: 4096 op, 537269900.00 ns, 131.1694 us/op
WorkloadWarmup   9: 4096 op, 540473300.00 ns, 131.9515 us/op
WorkloadWarmup  10: 4096 op, 526203000.00 ns, 128.4675 us/op

// BeforeActualRun
WorkloadActual   1: 4096 op, 538172700.00 ns, 131.3898 us/op
WorkloadActual   2: 4096 op, 520755200.00 ns, 127.1375 us/op
WorkloadActual   3: 4096 op, 526299600.00 ns, 128.4911 us/op
WorkloadActual   4: 4096 op, 516563300.00 ns, 126.1141 us/op
WorkloadActual   5: 4096 op, 527816600.00 ns, 128.8615 us/op
WorkloadActual   6: 4096 op, 523163100.00 ns, 127.7254 us/op
WorkloadActual   7: 4096 op, 519262000.00 ns, 126.7729 us/op
WorkloadActual   8: 4096 op, 520777400.00 ns, 127.1429 us/op
WorkloadActual   9: 4096 op, 527196900.00 ns, 128.7102 us/op
WorkloadActual  10: 4096 op, 538236100.00 ns, 131.4053 us/op
WorkloadActual  11: 4096 op, 539219700.00 ns, 131.6454 us/op
WorkloadActual  12: 4096 op, 544484600.00 ns, 132.9308 us/op
WorkloadActual  13: 4096 op, 537032400.00 ns, 131.1114 us/op
WorkloadActual  14: 4096 op, 544636800.00 ns, 132.9680 us/op
WorkloadActual  15: 4096 op, 540087800.00 ns, 131.8574 us/op

// AfterActualRun
WorkloadResult   1: 4096 op, 538165600.00 ns, 131.3881 us/op
WorkloadResult   2: 4096 op, 520748100.00 ns, 127.1358 us/op
WorkloadResult   3: 4096 op, 526292500.00 ns, 128.4894 us/op
WorkloadResult   4: 4096 op, 516556200.00 ns, 126.1124 us/op
WorkloadResult   5: 4096 op, 527809500.00 ns, 128.8597 us/op
WorkloadResult   6: 4096 op, 523156000.00 ns, 127.7236 us/op
WorkloadResult   7: 4096 op, 519254900.00 ns, 126.7712 us/op
WorkloadResult   8: 4096 op, 520770300.00 ns, 127.1412 us/op
WorkloadResult   9: 4096 op, 527189800.00 ns, 128.7084 us/op
WorkloadResult  10: 4096 op, 538229000.00 ns, 131.4036 us/op
WorkloadResult  11: 4096 op, 539212600.00 ns, 131.6437 us/op
WorkloadResult  12: 4096 op, 544477500.00 ns, 132.9291 us/op
WorkloadResult  13: 4096 op, 537025300.00 ns, 131.1097 us/op
WorkloadResult  14: 4096 op, 544629700.00 ns, 132.9662 us/op
WorkloadResult  15: 4096 op, 540080700.00 ns, 131.8556 us/op
// GC:  0 0 0 7733648 4096
// Threading:  0 0 4096

// AfterAll
// Benchmark Process 35224 has exited with code 0.

Mean = 129.616 μs, StdErr = 0.613 μs (0.47%), N = 15, StdDev = 2.372 μs
Min = 126.112 μs, Q1 = 127.432 μs, Median = 128.860 μs, Q3 = 131.524 μs, Max = 132.966 μs
IQR = 4.091 μs, LowerFence = 121.296 μs, UpperFence = 137.660 μs
ConfidenceInterval = [127.080 μs; 132.152 μs] (CI 99.9%), Margin = 2.536 μs (1.96% of Mean)
Skewness = 0.01, Kurtosis = 1.31, MValue = 2

// ** Remained 0 (0.0%) benchmark(s) to run. Estimated finish 2025-04-23 17:59 (0h 0m from now) **
Successfully reverted power plan (GUID: 381b4222-f694-41f0-9685-ff5bb260df2e FriendlyName: Balanced)
// ***** BenchmarkRunner: Finish  *****

// * Export *
  BenchmarkDotNet.Artifacts\results\QuDeveloperChallenge.Benchmarks.FinderComparisonBenchmark-report.csv
  BenchmarkDotNet.Artifacts\results\QuDeveloperChallenge.Benchmarks.FinderComparisonBenchmark-report-github.md
  BenchmarkDotNet.Artifacts\results\QuDeveloperChallenge.Benchmarks.FinderComparisonBenchmark-report.html

// * Detailed results *
FinderComparisonBenchmark.FindWords: DefaultJob
Runtime = .NET 8.0.13 (8.0.1325.6609), X64 RyuJIT AVX2; GC = Concurrent Workstation
Mean = 382.062 μs, StdErr = 0.694 μs (0.18%), N = 15, StdDev = 2.690 μs
Min = 377.420 μs, Q1 = 379.926 μs, Median = 382.224 μs, Q3 = 383.559 μs, Max = 386.626 μs
IQR = 3.633 μs, LowerFence = 374.477 μs, UpperFence = 389.008 μs
ConfidenceInterval = [379.187 μs; 384.937 μs] (CI 99.9%), Margin = 2.875 μs (0.75% of Mean)
Skewness = 0.15, Kurtosis = 1.82, MValue = 2
-------------------- Histogram --------------------
[376.482 μs ; 388.057 μs) | @@@@@@@@@@@@@@@
---------------------------------------------------

FinderComparisonBenchmark.WeakWordFinder_Find: DefaultJob
Runtime = .NET 8.0.13 (8.0.1325.6609), X64 RyuJIT AVX2; GC = Concurrent Workstation
Mean = 129.616 μs, StdErr = 0.613 μs (0.47%), N = 15, StdDev = 2.372 μs
Min = 126.112 μs, Q1 = 127.432 μs, Median = 128.860 μs, Q3 = 131.524 μs, Max = 132.966 μs
IQR = 4.091 μs, LowerFence = 121.296 μs, UpperFence = 137.660 μs
ConfidenceInterval = [127.080 μs; 132.152 μs] (CI 99.9%), Margin = 2.536 μs (1.96% of Mean)
Skewness = 0.01, Kurtosis = 1.31, MValue = 2
-------------------- Histogram --------------------
[124.850 μs ; 129.094 μs) | @@@@@@@@
[129.094 μs ; 133.358 μs) | @@@@@@@
---------------------------------------------------

// * Summary *

BenchmarkDotNet v0.14.0, Windows 11 (10.0.26100.3775)
Unknown processor
.NET SDK 9.0.200
  [Host]     : .NET 8.0.13 (8.0.1325.6609), X64 RyuJIT AVX2
  DefaultJob : .NET 8.0.13 (8.0.1325.6609), X64 RyuJIT AVX2


| Method              | Mean     | Error   | StdDev  | Gen0    | Allocated |
|-------------------- |---------:|--------:|--------:|--------:|----------:|
| FindWords           | 382.1 μs | 2.88 μs | 2.69 μs | 23.9258 | 440.28 KB |
| WeakWordFinder_Find | 129.6 μs | 2.54 μs | 2.37 μs |       - |   1.84 KB |

// * Legends *
  Mean      : Arithmetic mean of all measurements
  Error     : Half of 99.9% confidence interval
  StdDev    : Standard deviation of all measurements
  Gen0      : GC Generation 0 collects per 1000 operations
  Allocated : Allocated memory per single operation (managed only, inclusive, 1KB = 1024B)
  1 μs      : 1 Microsecond (0.000001 sec)

// * Diagnostic Output - MemoryDiagnoser *


// ***** BenchmarkRunner: End *****
Run time: 00:00:39 (39.34 sec), executed benchmarks: 2

Global total time: 00:00:44 (44.85 sec), executed benchmarks: 2
// * Artifacts cleanup *
Artifacts cleanup is finished
